Component: ARM Compiler 5.06 update 5 (build 528) Tool: armlink [4d35e2]

==============================================================================

Section Cross References

    startup_stm32h723xx.o(RESET) refers to startup_stm32h723xx.o(STACK) for __initial_sp
    startup_stm32h723xx.o(RESET) refers to startup_stm32h723xx.o(.text) for Reset_Handler
    startup_stm32h723xx.o(RESET) refers to stm32h7xx_it.o(i.NMI_Handler) for NMI_Handler
    startup_stm32h723xx.o(RESET) refers to stm32h7xx_it.o(i.HardFault_Handler) for HardFault_Handler
    startup_stm32h723xx.o(RESET) refers to stm32h7xx_it.o(i.MemManage_Handler) for MemManage_Handler
    startup_stm32h723xx.o(RESET) refers to stm32h7xx_it.o(i.BusFault_Handler) for BusFault_Handler
    startup_stm32h723xx.o(RESET) refers to stm32h7xx_it.o(i.UsageFault_Handler) for UsageFault_Handler
    startup_stm32h723xx.o(RESET) refers to stm32h7xx_it.o(i.SVC_Handler) for SVC_Handler
    startup_stm32h723xx.o(RESET) refers to stm32h7xx_it.o(i.DebugMon_Handler) for DebugMon_Handler
    startup_stm32h723xx.o(RESET) refers to stm32h7xx_it.o(i.PendSV_Handler) for PendSV_Handler
    startup_stm32h723xx.o(RESET) refers to stm32h7xx_it.o(i.SysTick_Handler) for SysTick_Handler
    startup_stm32h723xx.o(RESET) refers to can.o(i.FDCAN1_IT0_IRQHandler) for FDCAN1_IT0_IRQHandler
    startup_stm32h723xx.o(RESET) refers to tim.o(i.TIM2_IRQHandler) for TIM2_IRQHandler
    startup_stm32h723xx.o(RESET) refers to uart1.o(i.USART10_IRQHandler) for USART10_IRQHandler
    startup_stm32h723xx.o(.text) refers to system_stm32h7xx.o(i.SystemInit) for SystemInit
    startup_stm32h723xx.o(.text) refers to entry.o(.ARM.Collect$$$$00000000) for __main
    main.o(i.main) refers to sys.o(i.MPU_Config) for MPU_Config
    main.o(i.main) refers to stm32h7xx_hal.o(i.HAL_Init) for HAL_Init
    main.o(i.main) refers to sys.o(i.SystemClock_Config) for SystemClock_Config
    main.o(i.main) refers to chassis.o(i.Chassis_Init) for Chassis_Init
    main.o(i.main) refers to bmi088_driver.o(i.BMI088_init) for BMI088_init
    stm32h7xx_it.o(i.SysTick_Handler) refers to stm32h7xx_hal.o(i.HAL_IncTick) for HAL_IncTick
    system_stm32h7xx.o(i.SystemCoreClockUpdate) refers to system_stm32h7xx.o(.constdata) for .constdata
    system_stm32h7xx.o(i.SystemCoreClockUpdate) refers to system_stm32h7xx.o(.data) for .data
    can.o(i.FDCAN1_IT0_IRQHandler) refers to stm32h7xx_hal_fdcan.o(i.HAL_FDCAN_IRQHandler) for HAL_FDCAN_IRQHandler
    can.o(i.FDCAN1_IT0_IRQHandler) refers to can.o(.bss) for .bss
    can.o(i.FDCAN_Init) refers to stm32h7xx_hal_fdcan.o(i.HAL_FDCAN_Init) for HAL_FDCAN_Init
    can.o(i.FDCAN_Init) refers to stm32h7xx_hal_fdcan.o(i.HAL_FDCAN_ConfigFilter) for HAL_FDCAN_ConfigFilter
    can.o(i.FDCAN_Init) refers to stm32h7xx_hal_fdcan.o(i.HAL_FDCAN_ConfigFifoWatermark) for HAL_FDCAN_ConfigFifoWatermark
    can.o(i.FDCAN_Init) refers to stm32h7xx_hal_fdcan.o(i.HAL_FDCAN_ActivateNotification) for HAL_FDCAN_ActivateNotification
    can.o(i.FDCAN_Init) refers to stm32h7xx_hal_fdcan.o(i.HAL_FDCAN_Start) for HAL_FDCAN_Start
    can.o(i.FDCAN_Init) refers to can.o(.bss) for .bss
    can.o(i.FDCAN_Motor_SendCurrent) refers to stm32h7xx_hal_fdcan.o(i.HAL_FDCAN_AddMessageToTxFifoQ) for HAL_FDCAN_AddMessageToTxFifoQ
    can.o(i.FDCAN_Motor_SendCurrent) refers to can.o(.bss) for .bss
    can.o(i.HAL_FDCAN_MspInit) refers to stm32h7xx_hal_rcc_ex.o(i.HAL_RCCEx_PeriphCLKConfig) for HAL_RCCEx_PeriphCLKConfig
    can.o(i.HAL_FDCAN_MspInit) refers to stm32h7xx_hal_gpio.o(i.HAL_GPIO_Init) for HAL_GPIO_Init
    can.o(i.HAL_FDCAN_MspInit) refers to stm32h7xx_hal_cortex.o(i.HAL_NVIC_SetPriority) for HAL_NVIC_SetPriority
    can.o(i.HAL_FDCAN_MspInit) refers to stm32h7xx_hal_cortex.o(i.HAL_NVIC_EnableIRQ) for HAL_NVIC_EnableIRQ
    can.o(i.HAL_FDCAN_MspInit) refers to can.o(.bss) for .bss
    can.o(i.HAL_FDCAN_RxFifo0Callback) refers to stm32h7xx_hal_fdcan.o(i.HAL_FDCAN_GetRxMessage) for HAL_FDCAN_GetRxMessage
    can.o(i.HAL_FDCAN_RxFifo0Callback) refers to can.o(.bss) for .bss
    can.o(i.HAL_FDCAN_RxFifo0Callback) refers to can.o(.data) for .data
    can.o(i.HAL_FDCAN_RxFifo0Callback) refers to motor.o(.data) for Lf_data
    tim.o(i.HAL_TIM_Base_MspInit) refers to stm32h7xx_hal_cortex.o(i.HAL_NVIC_SetPriority) for HAL_NVIC_SetPriority
    tim.o(i.HAL_TIM_Base_MspInit) refers to stm32h7xx_hal_cortex.o(i.HAL_NVIC_EnableIRQ) for HAL_NVIC_EnableIRQ
    tim.o(i.HAL_TIM_PWM_MspInit) refers to stm32h7xx_hal_gpio.o(i.HAL_GPIO_Init) for HAL_GPIO_Init
    tim.o(i.HAL_TIM_PeriodElapsedCallback) refers to bmi088_driver.o(i.BMI088_read_) for BMI088_read_
    tim.o(i.HAL_TIM_PeriodElapsedCallback) refers to bmi088.o(i.Kalman_Attitude_Estimator_Update) for Kalman_Attitude_Estimator_Update
    tim.o(i.HAL_TIM_PeriodElapsedCallback) refers to bmi088.o(i.TempCtrl_BMI088) for TempCtrl_BMI088
    tim.o(i.HAL_TIM_PeriodElapsedCallback) refers to bmi088.o(.bss) for imu_data
[...]
    i.BMI088_read_write_byte                 0x08000a08   Section        0  bmi088_middleware.o(i.BMI088_read_write_byte)
    i.BMI088_write_single_reg                0x08000a28   Section        0  bmi088_driver.o(i.BMI088_write_single_reg)
    BMI088_write_single_reg                  0x08000a29   Thumb Code    18  bmi088_driver.o(i.BMI088_write_single_reg)
    i.BusFault_Handler                       0x08000a3a   Section        0  stm32h7xx_it.o(i.BusFault_Handler)
    i.Chassis_Init                           0x08000a3c   Section        0  chassis.o(i.Chassis_Init)
    i.Creat_PID                              0x08000a4c   Section        0  pid.o(i.Creat_PID)
    i.DJMotor_Init                           0x08000a80   Section        0  motor.o(i.DJMotor_Init)
    i.DMA_CalcBaseAndBitshift                0x08000b60   Section        0  stm32h7xx_hal_dma.o(i.DMA_CalcBaseAndBitshift)
    DMA_CalcBaseAndBitshift                  0x08000b61   Thumb Code   170  stm32h7xx_hal_dma.o(i.DMA_CalcBaseAndBitshift)
    i.DMA_CalcDMAMUXChannelBaseAndMask       0x08000c18   Section        0  stm32h7xx_hal_dma.o(i.DMA_CalcDMAMUXChannelBaseAndMask)
    DMA_CalcDMAMUXChannelBaseAndMask         0x08000c19   Thumb Code   144  stm32h7xx_hal_dma.o(i.DMA_CalcDMAMUXChannelBaseAndMask)
    i.DMA_CalcDMAMUXRequestGenBaseAndMask    0x08000cb8   Section        0  stm32h7xx_hal_dma.o(i.DMA_CalcDMAMUXRequestGenBaseAndMask)
    DMA_CalcDMAMUXRequestGenBaseAndMask      0x08000cb9   Thumb Code   110  stm32h7xx_hal_dma.o(i.DMA_CalcDMAMUXRequestGenBaseAndMask)
    i.DMA_CheckFifoParam                     0x08000d34   Section        0  stm32h7xx_hal_dma.o(i.DMA_CheckFifoParam)
    DMA_CheckFifoParam                       0x08000d35   Thumb Code    84  stm32h7xx_hal_dma.o(i.DMA_CheckFifoParam)
    i.DMA_SetConfig                          0x08000d88   Section        0  stm32h7xx_hal_dma.o(i.DMA_SetConfig)
    DMA_SetConfig                            0x08000d89   Thumb Code   532  stm32h7xx_hal_dma.o(i.DMA_SetConfig)
    i.DebugMon_Handler                       0x08000fa8   Section        0  stm32h7xx_it.o(i.DebugMon_Handler)
    i.FDCAN1_IT0_IRQHandler                  0x08000fac   Section        0  can.o(i.FDCAN1_IT0_IRQHandler)
    i.FDCAN_CalcultateRamBlockAddresses      0x08000fb8   Section        0  stm32h7xx_hal_fdcan.o(i.FDCAN_CalcultateRamBlockAddresses)
    FDCAN_CalcultateRamBlockAddresses        0x08000fb9   Thumb Code   440  stm32h7xx_hal_fdcan.o(i.FDCAN_CalcultateRamBlockAddresses)
    i.FDCAN_Init                             0x08001178   Section        0  can.o(i.FDCAN_Init)
    i.HAL_DMA_Abort                          0x08001204   Section        0  stm32h7xx_hal_dma.o(i.HAL_DMA_Abort)
    i.HAL_DMA_GetError                       0x08001564   Section        0  stm32h7xx_hal_dma.o(i.HAL_DMA_GetError)
    i.HAL_DMA_Init                           0x08001568   Section        0  stm32h7xx_hal_dma.o(i.HAL_DMA_Init)
    i.HAL_DMA_Start_IT                       0x0800190c   Section        0  stm32h7xx_hal_dma.o(i.HAL_DMA_Start_IT)
    i.HAL_FDCAN_ActivateNotification         0x08001bc0   Section        0  stm32h7xx_hal_fdcan.o(i.HAL_FDCAN_ActivateNotification)
    i.HAL_FDCAN_ClockCalibrationCallback     0x08001c44   Section        0  stm32h7xx_hal_fdcan.o(i.HAL_FDCAN_ClockCalibrationCallback)
    i.HAL_FDCAN_ConfigFifoWatermark          0x08001c46   Section        0  stm32h7xx_hal_fdcan.o(i.HAL_FDCAN_ConfigFifoWatermark)
    i.HAL_FDCAN_ConfigFilter                 0x08001ca0   Section        0  stm32h7xx_hal_fdcan.o(i.HAL_FDCAN_ConfigFilter)
    i.HAL_FDCAN_ErrorCallback                0x08001d1e   Section        0  stm32h7xx_hal_fdcan.o(i.HAL_FDCAN_ErrorCallback)
    i.HAL_FDCAN_ErrorStatusCallback          0x08001d20   Section        0  stm32h7xx_hal_fdcan.o(i.HAL_FDCAN_ErrorStatusCallback)
    i.HAL_FDCAN_GetRxMessage                 0x08001d24   Section        0  stm32h7xx_hal_fdcan.o(i.HAL_FDCAN_GetRxMessage)
    i.HAL_FDCAN_HighPriorityMessageCallback  0x08001e98   Section        0  stm32h7xx_hal_fdcan.o(i.HAL_FDCAN_HighPriorityMessageCallback)
    i.HAL_FDCAN_IRQHandler                   0x08001e9c   Section        0  stm32h7xx_hal_fdcan.o(i.HAL_FDCAN_IRQHandler)
    i.HAL_FDCAN_Init                         0x0800217c   Section        0  stm32h7xx_hal_fdcan.o(i.HAL_FDCAN_Init)
    i.HAL_FDCAN_MspInit                      0x080023c0   Section        0  can.o(i.HAL_FDCAN_MspInit)
    i.HAL_FDCAN_RxBufferNewMessageCallback   0x08002458   Section        0  stm32h7xx_hal_fdcan.o(i.HAL_FDCAN_RxBufferNewMessageCallback)
    i.HAL_FDCAN_RxFifo0Callback              0x0800245c   Section        0  can.o(i.HAL_FDCAN_RxFifo0Callback)
    i.HAL_FDCAN_RxFifo1Callback              0x080024ec   Section        0  stm32h7xx_hal_fdcan.o(i.HAL_FDCAN_RxFifo1Callback)
    i.HAL_FDCAN_Start                        0x080024ee   Section        0  stm32h7xx_hal_fdcan.o(i.HAL_FDCAN_Start)
    i.HAL_FDCAN_TT_GlobalTimeCallback        0x08002520   Section        0  stm32h7xx_hal_fdcan.o(i.HAL_FDCAN_TT_GlobalTimeCallback)
    i.HAL_FDCAN_TT_ScheduleSyncCallback      0x08002522   Section        0  stm32h7xx_hal_fdcan.o(i.HAL_FDCAN_TT_ScheduleSyncCallback)
    i.HAL_FDCAN_TT_StopWatchCallback         0x08002524   Section        0  stm32h7xx_hal_fdcan.o(i.HAL_FDCAN_TT_StopWatchCallback)
    i.HAL_FDCAN_TT_TimeMarkCallback          0x08002526   Section        0  stm32h7xx_hal_fdcan.o(i.HAL_FDCAN_TT_TimeMarkCallback)
    i.HAL_FDCAN_TimeoutOccurredCallback      0x08002528   Section        0  stm32h7xx_hal_fdcan.o(i.HAL_FDCAN_TimeoutOccurredCallback)
    i.HAL_FDCAN_TimestampWraparoundCallback  0x0800252a   Section        0  stm32h7xx_hal_fdcan.o(i.HAL_FDCAN_TimestampWraparoundCallback)
    i.HAL_FDCAN_TxBufferAbortCallback        0x0800252c   Section        0  stm32h7xx_hal_fdcan.o(i.HAL_FDCAN_TxBufferAbortCallback)
    i.HAL_FDCAN_TxBufferCompleteCallback     0x0800252e   Section        0  stm32h7xx_hal_fdcan.o(i.HAL_FDCAN_TxBufferCompleteCallback)
    i.HAL_FDCAN_TxEventFifoCallback          0x08002530   Section        0  stm32h7xx_hal_fdcan.o(i.HAL_FDCAN_TxEventFifoCallback)
    i.HAL_FDCAN_TxFifoEmptyCallback          0x08002532   Section        0  stm32h7xx_hal_fdcan.o(i.HAL_FDCAN_TxFifoEmptyCallback)
    i.HAL_GPIO_Init                          0x08002534   Section        0  stm32h7xx_hal_gpio.o(i.HAL_GPIO_Init)
    i.HAL_GPIO_WritePin                      0x08002700   Section        0  stm32h7xx_hal_gpio.o(i.HAL_GPIO_WritePin)
    i.HAL_GetTick                            0x0800270c   Section        0  stm32h7xx_hal.o(i.HAL_GetTick)
    i.HAL_IncTick                            0x08002718   Section        0  stm32h7xx_hal.o(i.HAL_IncTick)
    i.HAL_Init                               0x08002728   Section        0  stm32h7xx_hal.o(i.HAL_Init)
    i.HAL_InitTick                           0x08002784   Section        0  stm32h7xx_hal.o(i.HAL_InitTick)
    i.HAL_MPU_ConfigRegion                   0x080027c4   Section        0  stm32h7xx_hal_cortex.o(i.HAL_MPU_ConfigRegion)
    i.HAL_MPU_Disable                        0x08002818   Section        0  stm32h7xx_hal_cortex.o(i.HAL_MPU_Disable)
    i.HAL_MPU_Enable                         0x08002834   Section        0  stm32h7xx_hal_cortex.o(i.HAL_MPU_Enable)
    i.HAL_MspInit                            0x08002858   Section        0  stm32h7xx_hal.o(i.HAL_MspInit)
    i.HAL_NVIC_EnableIRQ                     0x0800285a   Section        0  stm32h7xx_hal_cortex.o(i.HAL_NVIC_EnableIRQ)
    i.HAL_NVIC_SetPriority                   0x08002874   Section        0  stm32h7xx_hal_cortex.o(i.HAL_NVIC_SetPriority)
    i.HAL_NVIC_SetPriorityGrouping           0x080028b4   Section        0  stm32h7xx_hal_cortex.o(i.HAL_NVIC_SetPriorityGrouping)
    i.HAL_PWREx_ConfigSupply                 0x080028d8   Section        0  stm32h7xx_hal_pwr_ex.o(i.HAL_PWREx_ConfigSupply)
    i.HAL_RCCEx_GetD3PCLK1Freq               0x08002928   Section        0  stm32h7xx_hal_rcc_ex.o(i.HAL_RCCEx_GetD3PCLK1Freq)
    i.HAL_RCCEx_GetPLL2ClockFreq             0x0800294c   Section        0  stm32h7xx_hal_rcc_ex.o(i.HAL_RCCEx_GetPLL2ClockFreq)
    i.HAL_RCCEx_GetPLL3ClockFreq             0x08002a88   Section        0  stm32h7xx_hal_rcc_ex.o(i.HAL_RCCEx_GetPLL3ClockFreq)
    i.HAL_RCCEx_PeriphCLKConfig              0x08002bc4   Section        0  stm32h7xx_hal_rcc_ex.o(i.HAL_RCCEx_PeriphCLKConfig)
    i.HAL_RCC_ClockConfig                    0x08003428   Section        0  stm32h7xx_hal_rcc.o(i.HAL_RCC_ClockConfig)
    i.HAL_RCC_GetHCLKFreq                    0x08003698   Section        0  stm32h7xx_hal_rcc.o(i.HAL_RCC_GetHCLKFreq)
    i.HAL_RCC_GetPCLK1Freq                   0x080036dc   Section        0  stm32h7xx_hal_rcc.o(i.HAL_RCC_GetPCLK1Freq)
    i.HAL_RCC_GetPCLK2Freq                   0x08003700   Section        0  stm32h7xx_hal_rcc.o(i.HAL_RCC_GetPCLK2Freq)
    i.HAL_RCC_GetSysClockFreq                0x08003724   Section        0  stm32h7xx_hal_rcc.o(i.HAL_RCC_GetSysClockFreq)
    i.HAL_RCC_OscConfig                      0x08003854   Section        0  stm32h7xx_hal_rcc.o(i.HAL_RCC_OscConfig)
    i.HAL_SPI_Init                           0x08003d1c   Section        0  stm32h7xx_hal_spi.o(i.HAL_SPI_Init)
    i.HAL_SPI_MspInit                        0x08003e68   Section        0  spi.o(i.HAL_SPI_MspInit)
    i.HAL_SPI_TransmitReceive                0x08003efc   Section        0  stm32h7xx_hal_spi.o(i.HAL_SPI_TransmitReceive)
    i.HAL_SYSTICK_Config                     0x08004156   Section        0  stm32h7xx_hal_cortex.o(i.HAL_SYSTICK_Config)
    i.HAL_TIMEx_Break2Callback               0x0800417e   Section        0  stm32h7xx_hal_tim_ex.o(i.HAL_TIMEx_Break2Callback)
    i.HAL_TIMEx_BreakCallback                0x08004180   Section        0  stm32h7xx_hal_tim_ex.o(i.HAL_TIMEx_BreakCallback)
    i.HAL_TIMEx_CommutCallback               0x08004182   Section        0  stm32h7xx_hal_tim_ex.o(i.HAL_TIMEx_CommutCallback)
    i.HAL_TIM_IC_CaptureCallback             0x08004184   Section        0  stm32h7xx_hal_tim.o(i.HAL_TIM_IC_CaptureCallback)
    i.HAL_TIM_IRQHandler                     0x08004186   Section        0  stm32h7xx_hal_tim.o(i.HAL_TIM_IRQHandler)
    i.HAL_TIM_OC_DelayElapsedCallback        0x0800430a   Section        0  stm32h7xx_hal_tim.o(i.HAL_TIM_OC_DelayElapsedCallback)
    i.HAL_TIM_PWM_PulseFinishedCallback      0x0800430c   Section        0  stm32h7xx_hal_tim.o(i.HAL_TIM_PWM_PulseFinishedCallback)
    i.HAL_TIM_PeriodElapsedCallback          0x08004310   Section        0  tim.o(i.HAL_TIM_PeriodElapsedCallback)
    i.HAL_TIM_TriggerCallback                0x08004334   Section        0  stm32h7xx_hal_tim.o(i.HAL_TIM_TriggerCallback)
    i.HAL_UARTEx_RxEventCallback             0x08004336   Section        0  stm32h7xx_hal_uart.o(i.HAL_UARTEx_RxEventCallback)
    i.HAL_UART_DMAStop                       0x08004338   Section        0  stm32h7xx_hal_uart.o(i.HAL_UART_DMAStop)
    i.HAL_UART_ErrorCallback                 0x080043c8   Section        0  stm32h7xx_hal_uart.o(i.HAL_UART_ErrorCallback)
    i.HAL_UART_Init                          0x080043ca   Section        0  stm32h7xx_hal_uart.o(i.HAL_UART_Init)
    i.HAL_UART_MspInit                       0x08004434   Section        0  uart1.o(i.HAL_UART_MspInit)
    i.HAL_UART_Receive_DMA                   0x080044d0   Section        0  stm32h7xx_hal_uart.o(i.HAL_UART_Receive_DMA)
    i.HAL_UART_RxCpltCallback                0x08004524   Section        0  stm32h7xx_hal_uart.o(i.HAL_UART_RxCpltCallback)
    i.HAL_UART_RxHalfCpltCallback            0x08004526   Section        0  stm32h7xx_hal_uart.o(i.HAL_UART_RxHalfCpltCallback)
    i.HardFault_Handler                      0x08004528   Section        0  stm32h7xx_it.o(i.HardFault_Handler)
    i.Kalman_Attitude_Estimator_Update       0x0800452c   Section        0  bmi088.o(i.Kalman_Attitude_Estimator_Update)
    i.Kalman_Init                            0x080045ec   Section        0  kalman.o(i.Kalman_Init)
    i.Kalman_Update                          0x08004618   Section        0  kalman.o(i.Kalman_Update)
    i.MPU_Config                             0x080046b2   Section        0  sys.o(i.MPU_Config)
    i.MemManage_Handler                      0x08004700   Section        0  stm32h7xx_it.o(i.MemManage_Handler)
    i.Modify_PID_K                           0x08004702   Section        0  pid.o(i.Modify_PID_K)
    i.NMI_Handler                            0x08004708   Section        0  stm32h7xx_it.o(i.NMI_Handler)
    i.Normalize_Vector                       0x0800470a   Section        0  bmi088.o(i.Normalize_Vector)
    i.PID_Calculate                          0x0800475e   Section        0  pid.o(i.PID_Calculate)
    i.PendSV_Handler                         0x080047e8   Section        0  stm32h7xx_it.o(i.PendSV_Handler)
    i.Quaternion_to_Euler                    0x080047ec   Section        0  bmi088.o(i.Quaternion_to_Euler)
    i.RCCEx_PLL2_Config                      0x080048bc   Section        0  stm32h7xx_hal_rcc_ex.o(i.RCCEx_PLL2_Config)
    RCCEx_PLL2_Config                        0x080048bd   Thumb Code   270  stm32h7xx_hal_rcc_ex.o(i.RCCEx_PLL2_Config)
    i.RCCEx_PLL3_Config                      0x080049d0   Section        0  stm32h7xx_hal_rcc_ex.o(i.RCCEx_PLL3_Config)
    RCCEx_PLL3_Config                        0x080049d1   Thumb Code   270  stm32h7xx_hal_rcc_ex.o(i.RCCEx_PLL3_Config)
    i.Remote_IBUS_to_RC                      0x08004ae4   Section        0  ibus.o(i.Remote_IBUS_to_RC)
    i.Remote_Init                            0x08004b6c   Section        0  ibus.o(i.Remote_Init)
    i.SPI2_Init                              0x08004b70   Section        0  spi.o(i.SPI2_Init)
    i.SPI_CloseTransfer                      0x08004bc0   Section        0  stm32h7xx_hal_spi.o(i.SPI_CloseTransfer)
    SPI_CloseTransfer                        0x08004bc1   Thumb Code   188  stm32h7xx_hal_spi.o(i.SPI_CloseTransfer)
    i.SPI_WaitOnFlagUntilTimeout             0x08004c7c   Section        0  stm32h7xx_hal_spi.o(i.SPI_WaitOnFlagUntilTimeout)
    SPI_WaitOnFlagUntilTimeout               0x08004c7d   Thumb Code    66  stm32h7xx_hal_spi.o(i.SPI_WaitOnFlagUntilTimeout)
    i.SVC_Handler                            0x08004cbe   Section        0  stm32h7xx_it.o(i.SVC_Handler)
    i.SysTick_Handler                        0x08004cc0   Section        0  stm32h7xx_it.o(i.SysTick_Handler)
    i.SystemClock_Config                     0x08004cc4   Section        0  sys.o(i.SystemClock_Config)
    i.SystemInit                             0x08004d48   Section        0  system_stm32h7xx.o(i.SystemInit)
    i.TIM2_IRQHandler                        0x08004e08   Section        0  tim.o(i.TIM2_IRQHandler)
    i.TIM3_PWM_Set                           0x08004e14   Section        0  tim.o(i.TIM3_PWM_Set)
    i.TempCtrl_BMI088                        0x08004e20   Section        0  bmi088.o(i.TempCtrl_BMI088)
    i.UART10_Init                            0x08004e4c   Section        0  uart1.o(i.UART10_Init)
    i.UART_AdvFeatureConfig                  0x08004ec4   Section        0  stm32h7xx_hal_uart.o(i.UART_AdvFeatureConfig)
    i.UART_CheckIdleState                    0x08004f8c   Section        0  stm32h7xx_hal_uart.o(i.UART_CheckIdleState)
    i.UART_DMAError                          0x08004fec   Section        0  stm32h7xx_hal_uart.o(i.UART_DMAError)
    UART_DMAError                            0x08004fed   Thumb Code    80  stm32h7xx_hal_uart.o(i.UART_DMAError)
    i.UART_DMAReceiveCplt                    0x0800503c   Section        0  stm32h7xx_hal_uart.o(i.UART_DMAReceiveCplt)
    UART_DMAReceiveCplt                      0x0800503d   Thumb Code   130  stm32h7xx_hal_uart.o(i.UART_DMAReceiveCplt)
    i.UART_DMARxHalfCplt                     0x080050be   Section        0  stm32h7xx_hal_uart.o(i.UART_DMARxHalfCplt)
    UART_DMARxHalfCplt                       0x080050bf   Thumb Code    28  stm32h7xx_hal_uart.o(i.UART_DMARxHalfCplt)
    i.UART_EndRxTransfer                     0x080050dc   Section        0  stm32h7xx_hal_uart.o(i.UART_EndRxTransfer)
    UART_EndRxTransfer                       0x080050dd   Thumb Code    78  stm32h7xx_hal_uart.o(i.UART_EndRxTransfer)
    i.UART_EndTxTransfer                     0x08005130   Section        0  stm32h7xx_hal_uart.o(i.UART_EndTxTransfer)
    UART_EndTxTransfer                       0x08005131   Thumb Code    46  stm32h7xx_hal_uart.o(i.UART_EndTxTransfer)
    i.UART_SetConfig                         0x08005160   Section        0  stm32h7xx_hal_uart.o(i.UART_SetConfig)
    i.UART_Start_Receive_DMA                 0x0800554c   Section        0  stm32h7xx_hal_uart.o(i.UART_Start_Receive_DMA)
    i.UART_WaitOnFlagUntilTimeout            0x080055f4   Section        0  stm32h7xx_hal_uart.o(i.UART_WaitOnFlagUntilTimeout)
    i.USART10_IRQHandler                     0x080056b8   Section        0  uart1.o(i.USART10_IRQHandler)
    i.UsageFault_Handler                     0x08005714   Section        0  stm32h7xx_it.o(i.UsageFault_Handler)
    i.__0printf$1                            0x08005718   Section        0  printf1.o(i.__0printf$1)
    i.__ARM_fpclassifyf                      0x08005738   Section        0  fpclassifyf.o(i.__ARM_fpclassifyf)
    i.__NVIC_SetPriority                     0x0800575e   Section        0  stm32h7xx_hal_cortex.o(i.__NVIC_SetPriority)
    __NVIC_SetPriority                       0x0800575f   Thumb Code    32  stm32h7xx_hal_cortex.o(i.__NVIC_SetPriority)
    i.__hardfp_asinf                         0x08005780   Section        0  asinf.o(i.__hardfp_asinf)
    i.__hardfp_atan2f                        0x080058b8   Section        0  atan2f.o(i.__hardfp_atan2f)
    i.__hardfp_sqrtf                         0x08005b10   Section        0  sqrtf.o(i.__hardfp_sqrtf)
    i.__mathlib_flt_infnan                   0x08005b4a   Section        0  funder.o(i.__mathlib_flt_infnan)
    i.__mathlib_flt_infnan2                  0x08005b50   Section        0  funder.o(i.__mathlib_flt_infnan2)
    i.__mathlib_flt_invalid                  0x08005b58   Section        0  funder.o(i.__mathlib_flt_invalid)
    i.__mathlib_flt_underflow                0x08005b68   Section        0  funder.o(i.__mathlib_flt_underflow)
    i.__scatterload_copy                     0x08005b78   Section       14  handlers.o(i.__scatterload_copy)
    i.__scatterload_null                     0x08005b86   Section        2  handlers.o(i.__scatterload_null)
    i.__scatterload_zeroinit                 0x08005b88   Section       14  handlers.o(i.__scatterload_zeroinit)
    i.__set_errno                            0x08005b98   Section        0  errno.o(i.__set_errno)
    i._printf_core                           0x08005ba4   Section        0  printf1.o(i._printf_core)
    _printf_core                             0x08005ba5   Thumb Code   336  printf1.o(i._printf_core)
    i.bmi088_accel_init                      0x08005cf8   Section        0  bmi088_driver.o(i.bmi088_accel_init)
    i.bmi088_gyro_init                       0x08005e04   Section        0  bmi088_driver.o(i.bmi088_gyro_init)
    i.fputc                                  0x08005ee0   Section        0  uart1.o(i.fputc)
    i.main                                   0x08005ef8   Section        0  main.o(i.main)
    i.sqrtf                                  0x08005f0e   Section        0  sqrtf.o(i.sqrtf)
    .constdata                               0x08005f4c   Section       16  system_stm32h7xx.o(.constdata)
    .constdata                               0x08005f5c   Section        8  stm32h7xx_hal_dma.o(.constdata)
    flagBitshiftOffset                       0x08005f5c   Data           8  stm32h7xx_hal_dma.o(.constdata)
    .constdata                               0x08005f64   Section       24  stm32h7xx_hal_uart.o(.constdata)
    .constdata                               0x08005f7c   Section       92  stm32h7xx_hal_fdcan.o(.constdata)
    DLCtoBytes                               0x08005f7c   Data          16  stm32h7xx_hal_fdcan.o(.constdata)
    .data                                    0x24000000   Section        8  system_stm32h7xx.o(.data)
    .data                                    0x24000008   Section        4  can.o(.data)
    .data                                    0x2400000c   Section       16  motor.o(.data)
    .data                                    0x2400001c   Section       44  bmi088_driver.o(.data)
    write_BMI088_accel_reg_data_error        0x24000024   Data          18  bmi088_driver.o(.data)
    write_BMI088_gyro_reg_data_error         0x24000036   Data          18  bmi088_driver.o(.data)
    .data                                    0x24000048   Section        8  uart1.o(.data)
    .data                                    0x24000050   Section        4  uart1.o(.data)
    .data                                    0x24000054   Section       12  stm32h7xx_hal.o(.data)
    .data                                    0x24000060   Section        4  errno.o(.data)
    _errno                                   0x24000060   Data           4  errno.o(.data)
    .bss                                     0x24000064   Section      160  can.o(.bss)
    .bss                                     0x24000104   Section      152  tim.o(.bss)
    .bss                                     0x2400019c   Section      136  spi.o(.bss)
    .bss                                     0x24000224   Section      112  motor.o(.bss)
    .bss                                     0x24000294   Section       20  ibus.o(.bss)
    .bss                                     0x240002a8   Section      324  bmi088.o(.bss)
    .bss                                     0x240003ec   Section       28  bmi088.o(.bss)
    .bss                                     0x24000408   Section      520  uart1.o(.bss)
    STACK                                    0x24000610   Section     1024  startup_stm32h723xx.o(STACK)

    Global Symbols

    Symbol Name                              Value     Ov Type        Size  Object(Section)

    BuildAttributes$$THM_ISAv4$E$P$D$K$B$S$7EM$VFPv5_D16$PE$PLD8$A:L22UL41UL21$X:L11$S22US41US21$IEEE1$IW$USESV6$~STKCKD$USESV7$~SHL$OTIME$ROPI$IEEEX$EBA8$MICROLIB$REQ8$PRES8$EABIv2 0x00000000   Number         0  anon$$obj.o ABSOLUTE
    __ARM_use_no_argv                        0x00000000   Number         0  main.o ABSOLUTE
    _printf_a                                0x00000000   Number         0  stubs.o ABSOLUTE
    _printf_c                                0x00000000   Number         0  stubs.o ABSOLUTE
    _printf_charcount                        0x00000000   Number         0  stubs.o ABSOLUTE
    _printf_d                                0x00000000   Number         0  stubs.o ABSOLUTE
    _printf_e                                0x00000000   Number         0  stubs.o ABSOLUTE
    _printf_f                                0x00000000   Number         0  stubs.o ABSOLUTE
    _printf_flags                            0x00000000   Number         0  stubs.o ABSOLUTE
    _printf_fp_dec                           0x00000000   Number         0  stubs.o ABSOLUTE
    _printf_fp_hex                           0x00000000   Number         0  stubs.o ABSOLUTE
    _printf_g                                0x00000000   Number         0  stubs.o ABSOLUTE
    _printf_i                                0x00000000   Number         0  stubs.o ABSOLUTE
    _printf_int_dec                          0x00000000   Number         0  stubs.o ABSOLUTE
    _printf_l                                0x00000000   Number         0  stubs.o ABSOLUTE
    _printf_lc                               0x00000000   Number         0  stubs.o ABSOLUTE
    _printf_ll                               0x00000000   Number         0  stubs.o ABSOLUTE
    _printf_lld                              0x00000000   Number         0  stubs.o ABSOLUTE
    _printf_lli                              0x00000000   Number         0  stubs.o ABSOLUTE
    _printf_llo                              0x00000000   Number         0  stubs.o ABSOLUTE
    _printf_llu                              0x00000000   Number         0  stubs.o ABSOLUTE
    _printf_llx                              0x00000000   Number         0  stubs.o ABSOLUTE
    _printf_longlong_dec                     0x00000000   Number         0  stubs.o ABSOLUTE
    _printf_longlong_hex                     0x00000000   Number         0  stubs.o ABSOLUTE
    _printf_longlong_oct                     0x00000000   Number         0  stubs.o ABSOLUTE
    _printf_ls                               0x00000000   Number         0  stubs.o ABSOLUTE
    _printf_mbtowc                           0x00000000   Number         0  stubs.o ABSOLUTE
    _printf_n                                0x00000000   Number         0  stubs.o ABSOLUTE
    _printf_o                                0x00000000   Number         0  stubs.o ABSOLUTE
    _printf_p                                0x00000000   Number         0  stubs.o ABSOLUTE
    _printf_percent                          0x00000000   Number         0  stubs.o ABSOLUTE
    _printf_pre_padding                      0x00000000   Number         0  stubs.o ABSOLUTE
    _printf_return_value                     0x00000000   Number         0  stubs.o ABSOLUTE
    _printf_s                                0x00000000   Number         0  stubs.o ABSOLUTE
    _printf_sizespec                         0x00000000   Number         0  stubs.o ABSOLUTE
    _printf_str                              0x00000000   Number         0  stubs.o ABSOLUTE
    _printf_truncate_signed                  0x00000000   Number         0  stubs.o ABSOLUTE
    _printf_truncate_unsigned                0x00000000   Number         0  stubs.o ABSOLUTE
    _printf_u                                0x00000000   Number         0  stubs.o ABSOLUTE
    _printf_wc                               0x00000000   Number         0  stubs.o ABSOLUTE
    _printf_wctomb                           0x00000000   Number         0  stubs.o ABSOLUTE
    _printf_widthprec                        0x00000000   Number         0  stubs.o ABSOLUTE
    _printf_x                                0x00000000   Number         0  stubs.o ABSOLUTE
    __cpp_initialize__aeabi_                  - Undefined Weak Reference
    __cxa_finalize                            - Undefined Weak Reference
    __decompress                              - Undefined Weak Reference
    _clock_init                               - Undefined Weak Reference
    _microlib_exit                            - Undefined Weak Reference
    __Vectors_Size                           0x000002cc   Number         0  startup_stm32h723xx.o ABSOLUTE
    __Vectors                                0x08000000   Data           4  startup_stm32h723xx.o(RESET)
    __Vectors_End                            0x080002cc   Data           0  startup_stm32h723xx.o(RESET)
    __main                                   0x080002cd   Thumb Code     0  entry.o(.ARM.Collect$$$$00000000)
    _main_stk                                0x080002cd   Thumb Code     0  entry2.o(.ARM.Collect$$$$00000001)
    _main_scatterload                        0x080002d1   Thumb Code     0  entry5.o(.ARM.Collect$$$$00000004)
    __main_after_scatterload                 0x080002d5   Thumb Code     0  entry5.o(.ARM.Collect$$$$00000004)
    _main_clock                              0x080002d5   Thumb Code     0  entry7b.o(.ARM.Collect$$$$00000008)
    _main_cpp_init                           0x080002d5   Thumb Code     0  entry8b.o(.ARM.Collect$$$$0000000A)
    _main_init                               0x080002d5   Thumb Code     0  entry9a.o(.ARM.Collect$$$$0000000B)
    __rt_final_cpp                           0x080002dd   Thumb Code     0  entry10a.o(.ARM.Collect$$$$0000000D)
    __rt_final_exit                          0x080002dd   Thumb Code     0  entry11a.o(.ARM.Collect$$$$0000000F)
    Reset_Handler                            0x080002e1   Thumb Code     8  startup_stm32h723xx.o(.text)
    ADC3_IRQHandler                          0x080002fb   Thumb Code     0  startup_stm32h723xx.o(.text)
    ADC_IRQHandler                           0x080002fb   Thumb Code     0  startup_stm32h723xx.o(.text)
    BDMA_Channel0_IRQHandler                 0x080002fb   Thumb Code     0  startup_stm32h723xx.o(.text)
    BDMA_Channel1_IRQHandler                 0x080002fb   Thumb Code     0  startup_stm32h723xx.o(.text)
    BDMA_Channel2_IRQHandler                 0x080002fb   Thumb Code     0  startup_stm32h723xx.o(.text)
    BDMA_Channel3_IRQHandler                 0x080002fb   Thumb Code     0  startup_stm32h723xx.o(.text)
    BDMA_Channel4_IRQHandler                 0x080002fb   Thumb Code     0  startup_stm32h723xx.o(.text)
    BDMA_Channel5_IRQHandler                 0x080002fb   Thumb Code     0  startup_stm32h723xx.o(.text)
    BDMA_Channel6_IRQHandler                 0x080002fb   Thumb Code     0  startup_stm32h723xx.o(.text)
    BDMA_Channel7_IRQHandler                 0x080002fb   Thumb Code     0  startup_stm32h723xx.o(.text)
    CEC_IRQHandler                           0x080002fb   Thumb Code     0  startup_stm32h723xx.o(.text)
    COMP1_IRQHandler                         0x080002fb   Thumb Code     0  startup_stm32h723xx.o(.text)
    CORDIC_IRQHandler                        0x080002fb   Thumb Code     0  startup_stm32h723xx.o(.text)
    CRS_IRQHandler                           0x080002fb   Thumb Code     0  startup_stm32h723xx.o(.text)
    DCMI_PSSI_IRQHandler                     0x080002fb   Thumb Code     0  startup_stm32h723xx.o(.text)
    DFSDM1_FLT0_IRQHandler                   0x080002fb   Thumb Code     0  startup_stm32h723xx.o(.text)
    DFSDM1_FLT1_IRQHandler                   0x080002fb   Thumb Code     0  startup_stm32h723xx.o(.text)
    DFSDM1_FLT2_IRQHandler                   0x080002fb   Thumb Code     0  startup_stm32h723xx.o(.text)
    DFSDM1_FLT3_IRQHandler                   0x080002fb   Thumb Code     0  startup_stm32h723xx.o(.text)
    DMA1_Stream0_IRQHandler                  0x080002fb   Thumb Code     0  startup_stm32h723xx.o(.text)
    DMA1_Stream1_IRQHandler                  0x080002fb   Thumb Code     0  startup_stm32h723xx.o(.text)
    DMA1_Stream2_IRQHandler                  0x080002fb   Thumb Code     0  startup_stm32h723xx.o(.text)
    DMA1_Stream3_IRQHandler                  0x080002fb   Thumb Code     0  startup_stm32h723xx.o(.text)
    DMA1_Stream4_IRQHandler                  0x080002fb   Thumb Code     0  startup_stm32h723xx.o(.text)
    DMA1_Stream5_IRQHandler                  0x080002fb   Thumb Code     0  startup_stm32h723xx.o(.text)
    DMA1_Stream6_IRQHandler                  0x080002fb   Thumb Code     0  startup_stm32h723xx.o(.text)
    DMA1_Stream7_IRQHandler                  0x080002fb   Thumb Code     0  startup_stm32h723xx.o(.text)
    DMA2D_IRQHandler                         0x080002fb   Thumb Code     0  startup_stm32h723xx.o(.text)
    DMA2_Stream0_IRQHandler                  0x080002fb   Thumb Code     0  startup_stm32h723xx.o(.text)
    DMA2_Stream1_IRQHandler                  0x080002fb   Thumb Code     0  startup_stm32h723xx.o(.text)
    DMA2_Stream2_IRQHandler                  0x080002fb   Thumb Code     0  startup_stm32h723xx.o(.text)
    DMA2_Stream3_IRQHandler                  0x080002fb   Thumb Code     0  startup_stm32h723xx.o(.text)
    DMA2_Stream4_IRQHandler                  0x080002fb   Thumb Code     0  startup_stm32h723xx.o(.text)
    DMA2_Stream5_IRQHandler                  0x080002fb   Thumb Code     0  startup_stm32h723xx.o(.text)
    DMA2_Stream6_IRQHandler                  0x080002fb   Thumb Code     0  startup_stm32h723xx.o(.text)
    DMA2_Stream7_IRQHandler                  0x080002fb   Thumb Code     0  startup_stm32h723xx.o(.text)
    DMAMUX1_OVR_IRQHandler                   0x080002fb   Thumb Code     0  startup_stm32h723xx.o(.text)
    DMAMUX2_OVR_IRQHandler                   0x080002fb   Thumb Code     0  startup_stm32h723xx.o(.text)
    DTS_IRQHandler                           0x080002fb   Thumb Code     0  startup_stm32h723xx.o(.text)
    ECC_IRQHandler                           0x080002fb   Thumb Code     0  startup_stm32h723xx.o(.text)
    ETH_IRQHandler                           0x080002fb   Thumb Code     0  startup_stm32h723xx.o(.text)
    ETH_WKUP_IRQHandler                      0x080002fb   Thumb Code     0  startup_stm32h723xx.o(.text)
    EXTI0_IRQHandler                         0x080002fb   Thumb Code     0  startup_stm32h723xx.o(.text)
    EXTI15_10_IRQHandler                     0x080002fb   Thumb Code     0  startup_stm32h723xx.o(.text)
    EXTI1_IRQHandler                         0x080002fb   Thumb Code     0  startup_stm32h723xx.o(.text)
    EXTI2_IRQHandler                         0x080002fb   Thumb Code     0  startup_stm32h723xx.o(.text)
    EXTI3_IRQHandler                         0x080002fb   Thumb Code     0  startup_stm32h723xx.o(.text)
    EXTI4_IRQHandler                         0x080002fb   Thumb Code     0  startup_stm32h723xx.o(.text)
    EXTI9_5_IRQHandler                       0x080002fb   Thumb Code     0  startup_stm32h723xx.o(.text)
    FDCAN1_IT1_IRQHandler                    0x080002fb   Thumb Code     0  startup_stm32h723xx.o(.text)
    FDCAN2_IT0_IRQHandler                    0x080002fb   Thumb Code     0  startup_stm32h723xx.o(.text)
    FDCAN2_IT1_IRQHandler                    0x080002fb   Thumb Code     0  startup_stm32h723xx.o(.text)
    FDCAN3_IT0_IRQHandler                    0x080002fb   Thumb Code     0  startup_stm32h723xx.o(.text)
    FDCAN3_IT1_IRQHandler                    0x080002fb   Thumb Code     0  startup_stm32h723xx.o(.text)
    FDCAN_CAL_IRQHandler                     0x080002fb   Thumb Code     0  startup_stm32h723xx.o(.text)
    FLASH_IRQHandler                         0x080002fb   Thumb Code     0  startup_stm32h723xx.o(.text)
    FMAC_IRQHandler                          0x080002fb   Thumb Code     0  startup_stm32h723xx.o(.text)
    FMC_IRQHandler                           0x080002fb   Thumb Code     0  startup_stm32h723xx.o(.text)
    FPU_IRQHandler                           0x080002fb   Thumb Code     0  startup_stm32h723xx.o(.text)
    HSEM1_IRQHandler                         0x080002fb   Thumb Code     0  startup_stm32h723xx.o(.text)
    I2C1_ER_IRQHandler                       0x080002fb   Thumb Code     0  startup_stm32h723xx.o(.text)
    I2C1_EV_IRQHandler                       0x080002fb   Thumb Code     0  startup_stm32h723xx.o(.text)
    I2C2_ER_IRQHandler                       0x080002fb   Thumb Code     0  startup_stm32h723xx.o(.text)
    I2C2_EV_IRQHandler                       0x080002fb   Thumb Code     0  startup_stm32h723xx.o(.text)
    I2C3_ER_IRQHandler                       0x080002fb   Thumb Code     0  startup_stm32h723xx.o(.text)
    I2C3_EV_IRQHandler                       0x080002fb   Thumb Code     0  startup_stm32h723xx.o(.text)
    I2C4_ER_IRQHandler                       0x080002fb   Thumb Code     0  startup_stm32h723xx.o(.text)
    I2C4_EV_IRQHandler                       0x080002fb   Thumb Code     0  startup_stm32h723xx.o(.text)
    I2C5_ER_IRQHandler                       0x080002fb   Thumb Code     0  startup_stm32h723xx.o(.text)
    I2C5_EV_IRQHandler                       0x080002fb   Thumb Code     0  startup_stm32h723xx.o(.text)
    LPTIM1_IRQHandler                        0x080002fb   Thumb Code     0  startup_stm32h723xx.o(.text)
    LPTIM2_IRQHandler                        0x080002fb   Thumb Code     0  startup_stm32h723xx.o(.text)
    LPTIM3_IRQHandler                        0x080002fb   Thumb Code     0  startup_stm32h723xx.o(.text)
    LPTIM4_IRQHandler                        0x080002fb   Thumb Code     0  startup_stm32h723xx.o(.text)
    LPTIM5_IRQHandler                        0x080002fb   Thumb Code     0  startup_stm32h723xx.o(.text)
    LPUART1_IRQHandler                       0x080002fb   Thumb Code     0  startup_stm32h723xx.o(.text)
    LTDC_ER_IRQHandler                       0x080002fb   Thumb Code     0  startup_stm32h723xx.o(.text)
    LTDC_IRQHandler                          0x080002fb   Thumb Code     0  startup_stm32h723xx.o(.text)
    MDIOS_IRQHandler                         0x080002fb   Thumb Code     0  startup_stm32h723xx.o(.text)
    MDIOS_WKUP_IRQHandler                    0x080002fb   Thumb Code     0  startup_stm32h723xx.o(.text)
    MDMA_IRQHandler                          0x080002fb   Thumb Code     0  startup_stm32h723xx.o(.text)
    OCTOSPI1_IRQHandler                      0x080002fb   Thumb Code     0  startup_stm32h723xx.o(.text)
    OCTOSPI2_IRQHandler                      0x080002fb   Thumb Code     0  startup_stm32h723xx.o(.text)
    OTG_HS_EP1_IN_IRQHandler                 0x080002fb   Thumb Code     0  startup_stm32h723xx.o(.text)
    OTG_HS_EP1_OUT_IRQHandler                0x080002fb   Thumb Code     0  startup_stm32h723xx.o(.text)
    OTG_HS_IRQHandler                        0x080002fb   Thumb Code     0  startup_stm32h723xx.o(.text)
    OTG_HS_WKUP_IRQHandler                   0x080002fb   Thumb Code     0  startup_stm32h723xx.o(.text)
    PVD_AVD_IRQHandler                       0x080002fb   Thumb Code     0  startup_stm32h723xx.o(.text)
    RCC_IRQHandler                           0x080002fb   Thumb Code     0  startup_stm32h723xx.o(.text)
    RNG_IRQHandler                           0x080002fb   Thumb Code     0  startup_stm32h723xx.o(.text)
    RTC_Alarm_IRQHandler                     0x080002fb   Thumb Code     0  startup_stm32h723xx.o(.text)
    RTC_WKUP_IRQHandler                      0x080002fb   Thumb Code     0  startup_stm32h723xx.o(.text)
    SAI1_IRQHandler                          0x080002fb   Thumb Code     0  startup_stm32h723xx.o(.text)
    SAI4_IRQHandler                          0x080002fb   Thumb Code     0  startup_stm32h723xx.o(.text)
    SDMMC1_IRQHandler                        0x080002fb   Thumb Code     0  startup_stm32h723xx.o(.text)
    SDMMC2_IRQHandler                        0x080002fb   Thumb Code     0  startup_stm32h723xx.o(.text)
    SPDIF_RX_IRQHandler                      0x080002fb   Thumb Code     0  startup_stm32h723xx.o(.text)
    SPI1_IRQHandler                          0x080002fb   Thumb Code     0  startup_stm32h723xx.o(.text)
    SPI2_IRQHandler                          0x080002fb   Thumb Code     0  startup_stm32h723xx.o(.text)
    SPI3_IRQHandler                          0x080002fb   Thumb Code     0  startup_stm32h723xx.o(.text)
    SPI4_IRQHandler                          0x080002fb   Thumb Code     0  startup_stm32h723xx.o(.text)
    SPI5_IRQHandler                          0x080002fb   Thumb Code     0  startup_stm32h723xx.o(.text)
    SPI6_IRQHandler                          0x080002fb   Thumb Code     0  startup_stm32h723xx.o(.text)
    SWPMI1_IRQHandler                        0x080002fb   Thumb Code     0  startup_stm32h723xx.o(.text)
    TAMP_STAMP_IRQHandler                    0x080002fb   Thumb Code     0  startup_stm32h723xx.o(.text)
    TIM15_IRQHandler                         0x080002fb   Thumb Code     0  startup_stm32h723xx.o(.text)
    TIM16_IRQHandler                         0x080002fb   Thumb Code     0  startup_stm32h723xx.o(.text)
    TIM17_IRQHandler                         0x080002fb   Thumb Code     0  startup_stm32h723xx.o(.text)
    TIM1_BRK_IRQHandler                      0x080002fb   Thumb Code     0  startup_stm32h723xx.o(.text)
    TIM1_CC_IRQHandler                       0x080002fb   Thumb Code     0  startup_stm32h723xx.o(.text)
    TIM1_TRG_COM_IRQHandler                  0x080002fb   Thumb Code     0  startup_stm32h723xx.o(.text)
    TIM1_UP_IRQHandler                       0x080002fb   Thumb Code     0  startup_stm32h723xx.o(.text)
    TIM23_IRQHandler                         0x080002fb   Thumb Code     0  startup_stm32h723xx.o(.text)
    TIM24_IRQHandler                         0x080002fb   Thumb Code     0  startup_stm32h723xx.o(.text)
    TIM3_IRQHandler                          0x080002fb   Thumb Code     0  startup_stm32h723xx.o(.text)
    TIM4_IRQHandler                          0x080002fb   Thumb Code     0  startup_stm32h723xx.o(.text)
    TIM5_IRQHandler                          0x080002fb   Thumb Code     0  startup_stm32h723xx.o(.text)
    TIM6_DAC_IRQHandler                      0x080002fb   Thumb Code     0  startup_stm32h723xx.o(.text)
    TIM7_IRQHandler                          0x080002fb   Thumb Code     0  startup_stm32h723xx.o(.text)
    TIM8_BRK_TIM12_IRQHandler                0x080002fb   Thumb Code     0  startup_stm32h723xx.o(.text)
    TIM8_CC_IRQHandler                       0x080002fb   Thumb Code     0  startup_stm32h723xx.o(.text)
    TIM8_TRG_COM_TIM14_IRQHandler            0x080002fb   Thumb Code     0  startup_stm32h723xx.o(.text)
    TIM8_UP_TIM13_IRQHandler                 0x080002fb   Thumb Code     0  startup_stm32h723xx.o(.text)
    UART4_IRQHandler                         0x080002fb   Thumb Code     0  startup_stm32h723xx.o(.text)
    UART5_IRQHandler                         0x080002fb   Thumb Code     0  startup_stm32h723xx.o(.text)
    UART7_IRQHandler                         0x080002fb   Thumb Code     0  startup_stm32h723xx.o(.text)
    UART8_IRQHandler                         0x080002fb   Thumb Code     0  startup_stm32h723xx.o(.text)
    UART9_IRQHandler                         0x080002fb   Thumb Code     0  startup_stm32h723xx.o(.text)
    USART1_IRQHandler                        0x080002fb   Thumb Code     0  startup_stm32h723xx.o(.text)
    USART2_IRQHandler                        0x080002fb   Thumb Code     0  startup_stm32h723xx.o(.text)
    USART3_IRQHandler                        0x080002fb   Thumb Code     0  startup_stm32h723xx.o(.text)
    USART6_IRQHandler                        0x080002fb   Thumb Code     0  startup_stm32h723xx.o(.text)
    WAKEUP_PIN_IRQHandler                    0x080002fb   Thumb Code     0  startup_stm32h723xx.o(.text)
    WWDG_IRQHandler                          0x080002fb   Thumb Code     0  startup_stm32h723xx.o(.text)
    __aeabi_uldivmod                         0x08000305   Thumb Code    98  uldiv.o(.text)
    __aeabi_memcpy                           0x08000367   Thumb Code    36  memcpya.o(.text)
    __aeabi_memcpy4                          0x08000367   Thumb Code     0  memcpya.o(.text)
    __aeabi_memcpy8                          0x08000367   Thumb Code     0  memcpya.o(.text)
    __aeabi_memset                           0x0800038b   Thumb Code    14  memseta.o(.text)
    __aeabi_memset4                          0x0800038b   Thumb Code     0  memseta.o(.text)
    __aeabi_memset8                          0x0800038b   Thumb Code     0  memseta.o(.text)
    __aeabi_memclr                           0x08000399   Thumb Code     4  memseta.o(.text)
    __aeabi_memclr4                          0x08000399   Thumb Code     0  memseta.o(.text)
    __aeabi_memclr8                          0x08000399   Thumb Code     0  memseta.o(.text)
    _memset$wrapper                          0x0800039d   Thumb Code    18  memseta.o(.text)
    __aeabi_uidiv                            0x080003af   Thumb Code     0  uidiv.o(.text)
    __aeabi_uidivmod                         0x080003af   Thumb Code    44  uidiv.o(.text)
    __aeabi_llsl                             0x080003db   Thumb Code    30  llshl.o(.text)
    _ll_shift_l                              0x080003db   Thumb Code     0  llshl.o(.text)
    __aeabi_llsr                             0x080003f9   Thumb Code    32  llushr.o(.text)
    _ll_ushift_r                             0x080003f9   Thumb Code     0  llushr.o(.text)
    __I$use$fp                               0x08000419   Thumb Code     0  iusefp.o(.text)
    __scatterload                            0x08000419   Thumb Code    28  init.o(.text)
    __scatterload_rt2                        0x08000419   Thumb Code     0  init.o(.text)
    Attitude_Estimator_Init                  0x0800043d   Thumb Code    58  bmi088.o(i.Attitude_Estimator_Init)
    Attitude_Estimator_Update                0x0800047d   Thumb Code   488  bmi088.o(i.Attitude_Estimator_Update)
    BMI088_ACCEL_NS_H                        0x08000675   Thumb Code    10  bmi088_middleware.o(i.BMI088_ACCEL_NS_H)
    BMI088_ACCEL_NS_L                        0x08000685   Thumb Code    10  bmi088_middleware.o(i.BMI088_ACCEL_NS_L)
    BMI088_GPIO_init                         0x08000695   Thumb Code   156  bmi088_middleware.o(i.BMI088_GPIO_init)
    BMI088_GYRO_NS_H                         0x0800073d   Thumb Code    10  bmi088_middleware.o(i.BMI088_GYRO_NS_H)
    BMI088_GYRO_NS_L                         0x0800074d   Thumb Code    10  bmi088_middleware.o(i.BMI088_GYRO_NS_L)
    BMI088_Kalman_Init                       0x0800075d   Thumb Code    80  bmi088_middleware.o(i.BMI088_Kalman_Init)
    BMI088_TempCtrl_Init                     0x080007b9   Thumb Code    54  bmi088_middleware.o(i.BMI088_TempCtrl_Init)
    BMI088_com_init                          0x080007f9   Thumb Code     4  bmi088_middleware.o(i.BMI088_com_init)
    BMI088_delay_ms                          0x080007fd   Thumb Code    24  bmi088_middleware.o(i.BMI088_delay_ms)
    BMI088_delay_us                          0x08000815   Thumb Code    48  bmi088_middleware.o(i.BMI088_delay_us)
    BMI088_init                              0x08000845   Thumb Code    46  bmi088_driver.o(i.BMI088_init)
    BMI088_read_                             0x08000881   Thumb Code   328  bmi088_driver.o(i.BMI088_read_)
    BMI088_read_write_byte                   0x08000a09   Thumb Code    28  bmi088_middleware.o(i.BMI088_read_write_byte)
    BusFault_Handler                         0x08000a3b   Thumb Code     2  stm32h7xx_it.o(i.BusFault_Handler)
    Chassis_Init                             0x08000a3d   Thumb Code    14  chassis.o(i.Chassis_Init)
    Creat_PID                                0x08000a4d   Thumb Code    46  pid.o(i.Creat_PID)
    DJMotor_Init                             0x08000a81   Thumb Code   208  motor.o(i.DJMotor_Init)
    DebugMon_Handler                         0x08000fa9   Thumb Code     2  stm32h7xx_it.o(i.DebugMon_Handler)
    FDCAN1_IT0_IRQHandler                    0x08000fad   Thumb Code     6  can.o(i.FDCAN1_IT0_IRQHandler)
    FDCAN_Init                               0x08001179   Thumb Code   130  can.o(i.FDCAN_Init)
    HAL_DMA_Abort                            0x08001205   Thumb Code   850  stm32h7xx_hal_dma.o(i.HAL_DMA_Abort)
    HAL_DMA_GetError                         0x08001565   Thumb Code     4  stm32h7xx_hal_dma.o(i.HAL_DMA_GetError)
    HAL_DMA_Init                             0x08001569   Thumb Code   912  stm32h7xx_hal_dma.o(i.HAL_DMA_Init)
    HAL_DMA_Start_IT                         0x0800190d   Thumb Code   680  stm32h7xx_hal_dma.o(i.HAL_DMA_Start_IT)
    HAL_FDCAN_ActivateNotification           0x08001bc1   Thumb Code   124  stm32h7xx_hal_fdcan.o(i.HAL_FDCAN_ActivateNotification)
    HAL_FDCAN_ClockCalibrationCallback       0x08001c45   Thumb Code     2  stm32h7xx_hal_fdcan.o(i.HAL_FDCAN_ClockCalibrationCallback)
    HAL_FDCAN_ConfigFifoWatermark            0x08001c47   Thumb Code    90  stm32h7xx_hal_fdcan.o(i.HAL_FDCAN_ConfigFifoWatermark)
    HAL_FDCAN_ConfigFilter                   0x08001ca1   Thumb Code   126  stm32h7xx_hal_fdcan.o(i.HAL_FDCAN_ConfigFilter)
    HAL_FDCAN_ErrorCallback                  0x08001d1f   Thumb Code     2  stm32h7xx_hal_fdcan.o(i.HAL_FDCAN_ErrorCallback)
    HAL_FDCAN_ErrorStatusCallback            0x08001d21   Thumb Code     2  stm32h7xx_hal_fdcan.o(i.HAL_FDCAN_ErrorStatusCallback)
    HAL_FDCAN_GetRxMessage                   0x08001d25   Thumb Code   366  stm32h7xx_hal_fdcan.o(i.HAL_FDCAN_GetRxMessage)
    HAL_FDCAN_HighPriorityMessageCallback    0x08001e99   Thumb Code     2  stm32h7xx_hal_fdcan.o(i.HAL_FDCAN_HighPriorityMessageCallback)
    HAL_FDCAN_IRQHandler                     0x08001e9d   Thumb Code   722  stm32h7xx_hal_fdcan.o(i.HAL_FDCAN_IRQHandler)
    HAL_FDCAN_Init                           0x0800217d   Thumb Code   570  stm32h7xx_hal_fdcan.o(i.HAL_FDCAN_Init)
    HAL_FDCAN_MspInit                        0x080023c1   Thumb Code   130  can.o(i.HAL_FDCAN_MspInit)
    HAL_FDCAN_RxBufferNewMessageCallback     0x08002459   Thumb Code     2  stm32h7xx_hal_fdcan.o(i.HAL_FDCAN_RxBufferNewMessageCallback)
    HAL_FDCAN_RxFifo0Callback                0x0800245d   Thumb Code   112  can.o(i.HAL_FDCAN_RxFifo0Callback)
    HAL_FDCAN_RxFifo1Callback                0x080024ed   Thumb Code     2  stm32h7xx_hal_fdcan.o(i.HAL_FDCAN_RxFifo1Callback)
    HAL_FDCAN_Start                          0x080024ef   Thumb Code    50  stm32h7xx_hal_fdcan.o(i.HAL_FDCAN_Start)
    HAL_FDCAN_TT_GlobalTimeCallback          0x08002521   Thumb Code     2  stm32h7xx_hal_fdcan.o(i.HAL_FDCAN_TT_GlobalTimeCallback)
    HAL_FDCAN_TT_ScheduleSyncCallback        0x08002523   Thumb Code     2  stm32h7xx_hal_fdcan.o(i.HAL_FDCAN_TT_ScheduleSyncCallback)
    HAL_FDCAN_TT_StopWatchCallback           0x08002525   Thumb Code     2  stm32h7xx_hal_fdcan.o(i.HAL_FDCAN_TT_StopWatchCallback)
    HAL_FDCAN_TT_TimeMarkCallback            0x08002527   Thumb Code     2  stm32h7xx_hal_fdcan.o(i.HAL_FDCAN_TT_TimeMarkCallback)
    HAL_FDCAN_TimeoutOccurredCallback        0x08002529   Thumb Code     2  stm32h7xx_hal_fdcan.o(i.HAL_FDCAN_TimeoutOccurredCallback)
    HAL_FDCAN_TimestampWraparoundCallback    0x0800252b   Thumb Code     2  stm32h7xx_hal_fdcan.o(i.HAL_FDCAN_TimestampWraparoundCallback)
    HAL_FDCAN_TxBufferAbortCallback          0x0800252d   Thumb Code     2  stm32h7xx_hal_fdcan.o(i.HAL_FDCAN_TxBufferAbortCallback)
    HAL_FDCAN_TxBufferCompleteCallback       0x0800252f   Thumb Code     2  stm32h7xx_hal_fdcan.o(i.HAL_FDCAN_TxBufferCompleteCallback)
    HAL_FDCAN_TxEventFifoCallback            0x08002531   Thumb Code     2  stm32h7xx_hal_fdcan.o(i.HAL_FDCAN_TxEventFifoCallback)
    HAL_FDCAN_TxFifoEmptyCallback            0x08002533   Thumb Code     2  stm32h7xx_hal_fdcan.o(i.HAL_FDCAN_TxFifoEmptyCallback)
    HAL_GPIO_Init                            0x08002535   Thumb Code   416  stm32h7xx_hal_gpio.o(i.HAL_GPIO_Init)
    HAL_GPIO_WritePin                        0x08002701   Thumb Code    10  stm32h7xx_hal_gpio.o(i.HAL_GPIO_WritePin)
    HAL_GetTick                              0x0800270d   Thumb Code     6  stm32h7xx_hal.o(i.HAL_GetTick)
    HAL_IncTick                              0x08002719   Thumb Code    12  stm32h7xx_hal.o(i.HAL_IncTick)
    HAL_Init                                 0x08002729   Thumb Code    74  stm32h7xx_hal.o(i.HAL_Init)
    HAL_InitTick                             0x08002785   Thumb Code    56  stm32h7xx_hal.o(i.HAL_InitTick)
    HAL_MPU_ConfigRegion                     0x080027c5   Thumb Code    80  stm32h7xx_hal_cortex.o(i.HAL_MPU_ConfigRegion)
    HAL_MPU_Disable                          0x08002819   Thumb Code    24  stm32h7xx_hal_cortex.o(i.HAL_MPU_Disable)
    HAL_MPU_Enable                           0x08002835   Thumb Code    30  stm32h7xx_hal_cortex.o(i.HAL_MPU_Enable)
    HAL_MspInit                              0x08002859   Thumb Code     2  stm32h7xx_hal.o(i.HAL_MspInit)
    HAL_NVIC_EnableIRQ                       0x0800285b   Thumb Code    26  stm32h7xx_hal_cortex.o(i.HAL_NVIC_EnableIRQ)
    HAL_NVIC_SetPriority                     0x08002875   Thumb Code    60  stm32h7xx_hal_cortex.o(i.HAL_NVIC_SetPriority)
    HAL_NVIC_SetPriorityGrouping             0x080028b5   Thumb Code    26  stm32h7xx_hal_cortex.o(i.HAL_NVIC_SetPriorityGrouping)
    HAL_PWREx_ConfigSupply                   0x080028d9   Thumb Code    76  stm32h7xx_hal_pwr_ex.o(i.HAL_PWREx_ConfigSupply)
    HAL_RCCEx_GetD3PCLK1Freq                 0x08002929   Thumb Code    26  stm32h7xx_hal_rcc_ex.o(i.HAL_RCCEx_GetD3PCLK1Freq)
    HAL_RCCEx_GetPLL2ClockFreq               0x0800294d   Thumb Code   290  stm32h7xx_hal_rcc_ex.o(i.HAL_RCCEx_GetPLL2ClockFreq)
    HAL_RCCEx_GetPLL3ClockFreq               0x08002a89   Thumb Code   290  stm32h7xx_hal_rcc_ex.o(i.HAL_RCCEx_GetPLL3ClockFreq)
    HAL_RCCEx_PeriphCLKConfig                0x08002bc5   Thumb Code  2146  stm32h7xx_hal_rcc_ex.o(i.HAL_RCCEx_PeriphCLKConfig)
    HAL_RCC_ClockConfig                      0x08003429   Thumb Code   590  stm32h7xx_hal_rcc.o(i.HAL_RCC_ClockConfig)
    HAL_RCC_GetHCLKFreq                      0x08003699   Thumb Code    52  stm32h7xx_hal_rcc.o(i.HAL_RCC_GetHCLKFreq)
    HAL_RCC_GetPCLK1Freq                     0x080036dd   Thumb Code    26  stm32h7xx_hal_rcc.o(i.HAL_RCC_GetPCLK1Freq)
    HAL_RCC_GetPCLK2Freq                     0x08003701   Thumb Code    26  stm32h7xx_hal_rcc.o(i.HAL_RCC_GetPCLK2Freq)
    HAL_RCC_GetSysClockFreq                  0x08003725   Thumb Code   270  stm32h7xx_hal_rcc.o(i.HAL_RCC_GetSysClockFreq)
    HAL_RCC_OscConfig                        0x08003855   Thumb Code  1222  stm32h7xx_hal_rcc.o(i.HAL_RCC_OscConfig)
    HAL_SPI_Init                             0x08003d1d   Thumb Code   320  stm32h7xx_hal_spi.o(i.HAL_SPI_Init)
    HAL_SPI_MspInit                          0x08003e69   Thumb Code   130  spi.o(i.HAL_SPI_MspInit)
    HAL_SPI_TransmitReceive                  0x08003efd   Thumb Code   602  stm32h7xx_hal_spi.o(i.HAL_SPI_TransmitReceive)
    HAL_SYSTICK_Config                       0x08004157   Thumb Code    40  stm32h7xx_hal_cortex.o(i.HAL_SYSTICK_Config)
    HAL_TIMEx_Break2Callback                 0x0800417f   Thumb Code     2  stm32h7xx_hal_tim_ex.o(i.HAL_TIMEx_Break2Callback)
    HAL_TIMEx_BreakCallback                  0x08004181   Thumb Code     2  stm32h7xx_hal_tim_ex.o(i.HAL_TIMEx_BreakCallback)
    HAL_TIMEx_CommutCallback                 0x08004183   Thumb Code     2  stm32h7xx_hal_tim_ex.o(i.HAL_TIMEx_CommutCallback)
    HAL_TIM_IC_CaptureCallback               0x08004185   Thumb Code     2  stm32h7xx_hal_tim.o(i.HAL_TIM_IC_CaptureCallback)
    HAL_TIM_IRQHandler                       0x08004187   Thumb Code   388  stm32h7xx_hal_tim.o(i.HAL_TIM_IRQHandler)
    HAL_TIM_OC_DelayElapsedCallback          0x0800430b   Thumb Code     2  stm32h7xx_hal_tim.o(i.HAL_TIM_OC_DelayElapsedCallback)
    HAL_TIM_PWM_PulseFinishedCallback        0x0800430d   Thumb Code     2  stm32h7xx_hal_tim.o(i.HAL_TIM_PWM_PulseFinishedCallback)
    HAL_TIM_PeriodElapsedCallback            0x08004311   Thumb Code    32  tim.o(i.HAL_TIM_PeriodElapsedCallback)
    HAL_TIM_TriggerCallback                  0x08004335   Thumb Code     2  stm32h7xx_hal_tim.o(i.HAL_TIM_TriggerCallback)
    HAL_UARTEx_RxEventCallback               0x08004337   Thumb Code     2  stm32h7xx_hal_uart.o(i.HAL_UARTEx_RxEventCallback)
    HAL_UART_DMAStop                         0x08004339   Thumb Code   144  stm32h7xx_hal_uart.o(i.HAL_UART_DMAStop)
    HAL_UART_ErrorCallback                   0x080043c9   Thumb Code     2  stm32h7xx_hal_uart.o(i.HAL_UART_ErrorCallback)
    HAL_UART_Init                            0x080043cb   Thumb Code   106  stm32h7xx_hal_uart.o(i.HAL_UART_Init)
    HAL_UART_MspInit                         0x08004435   Thumb Code   144  uart1.o(i.HAL_UART_MspInit)
    HAL_UART_Receive_DMA                     0x080044d1   Thumb Code    80  stm32h7xx_hal_uart.o(i.HAL_UART_Receive_DMA)
    HAL_UART_RxCpltCallback                  0x08004525   Thumb Code     2  stm32h7xx_hal_uart.o(i.HAL_UART_RxCpltCallback)
    HAL_UART_RxHalfCpltCallback              0x08004527   Thumb Code     2  stm32h7xx_hal_uart.o(i.HAL_UART_RxHalfCpltCallback)
    HardFault_Handler                        0x08004529   Thumb Code     2  stm32h7xx_it.o(i.HardFault_Handler)
    Kalman_Attitude_Estimator_Update         0x0800452d   Thumb Code   168  bmi088.o(i.Kalman_Attitude_Estimator_Update)
    Kalman_Init                              0x080045ed   Thumb Code    38  kalman.o(i.Kalman_Init)
    Kalman_Update                            0x08004619   Thumb Code   154  kalman.o(i.Kalman_Update)
    MPU_Config                               0x080046b3   Thumb Code    78  sys.o(i.MPU_Config)
    MemManage_Handler                        0x08004701   Thumb Code     2  stm32h7xx_it.o(i.MemManage_Handler)
    Modify_PID_K                             0x08004703   Thumb Code     6  pid.o(i.Modify_PID_K)
    NMI_Handler                              0x08004709   Thumb Code     2  stm32h7xx_it.o(i.NMI_Handler)
    Normalize_Vector                         0x0800470b   Thumb Code    84  bmi088.o(i.Normalize_Vector)
    PID_Calculate                            0x0800475f   Thumb Code   138  pid.o(i.PID_Calculate)
    PendSV_Handler                           0x080047e9   Thumb Code     2  stm32h7xx_it.o(i.PendSV_Handler)
    Quaternion_to_Euler                      0x080047ed   Thumb Code   196  bmi088.o(i.Quaternion_to_Euler)
    Remote_IBUS_to_RC                        0x08004ae5   Thumb Code   124  ibus.o(i.Remote_IBUS_to_RC)
    Remote_Init                              0x08004b6d   Thumb Code     4  ibus.o(i.Remote_Init)
    SPI2_Init                                0x08004b71   Thumb Code    70  spi.o(i.SPI2_Init)
    SVC_Handler                              0x08004cbf   Thumb Code     2  stm32h7xx_it.o(i.SVC_Handler)
    SysTick_Handler                          0x08004cc1   Thumb Code     4  stm32h7xx_it.o(i.SysTick_Handler)
    SystemClock_Config                       0x08004cc5   Thumb Code   128  sys.o(i.SystemClock_Config)
    SystemInit                               0x08004d49   Thumb Code   158  system_stm32h7xx.o(i.SystemInit)
    TIM2_IRQHandler                          0x08004e09   Thumb Code     6  tim.o(i.TIM2_IRQHandler)
    TIM3_PWM_Set                             0x08004e15   Thumb Code     8  tim.o(i.TIM3_PWM_Set)
    TempCtrl_BMI088                          0x08004e21   Thumb Code    36  bmi088.o(i.TempCtrl_BMI088)
    UART10_Init                              0x08004e4d   Thumb Code   102  uart1.o(i.UART10_Init)
    UART_AdvFeatureConfig                    0x08004ec5   Thumb Code   200  stm32h7xx_hal_uart.o(i.UART_AdvFeatureConfig)
    UART_CheckIdleState                      0x08004f8d   Thumb Code    96  stm32h7xx_hal_uart.o(i.UART_CheckIdleState)
    UART_SetConfig                           0x08005161   Thumb Code   936  stm32h7xx_hal_uart.o(i.UART_SetConfig)
    UART_Start_Receive_DMA                   0x0800554d   Thumb Code   154  stm32h7xx_hal_uart.o(i.UART_Start_Receive_DMA)
    UART_WaitOnFlagUntilTimeout              0x080055f5   Thumb Code   196  stm32h7xx_hal_uart.o(i.UART_WaitOnFlagUntilTimeout)
    USART10_IRQHandler                       0x080056b9   Thumb Code    78  uart1.o(i.USART10_IRQHandler)
    UsageFault_Handler                       0x08005715   Thumb Code     2  stm32h7xx_it.o(i.UsageFault_Handler)
    __0printf$1                              0x08005719   Thumb Code    22  printf1.o(i.__0printf$1)
    __1printf$1                              0x08005719   Thumb Code     0  printf1.o(i.__0printf$1)
    __2printf                                0x08005719   Thumb Code     0  printf1.o(i.__0printf$1)
    __ARM_fpclassifyf                        0x08005739   Thumb Code    38  fpclassifyf.o(i.__ARM_fpclassifyf)
    __hardfp_asinf                           0x08005781   Thumb Code   258  asinf.o(i.__hardfp_asinf)
    __hardfp_atan2f                          0x080058b9   Thumb Code   502  atan2f.o(i.__hardfp_atan2f)
    __hardfp_sqrtf                           0x08005b11   Thumb Code    58  sqrtf.o(i.__hardfp_sqrtf)
    __mathlib_flt_infnan                     0x08005b4b   Thumb Code     6  funder.o(i.__mathlib_flt_infnan)
    __mathlib_flt_infnan2                    0x08005b51   Thumb Code     6  funder.o(i.__mathlib_flt_infnan2)
    __mathlib_flt_invalid                    0x08005b59   Thumb Code    10  funder.o(i.__mathlib_flt_invalid)
    __mathlib_flt_underflow                  0x08005b69   Thumb Code    10  funder.o(i.__mathlib_flt_underflow)
    __scatterload_copy                       0x08005b79   Thumb Code    14  handlers.o(i.__scatterload_copy)
    __scatterload_null                       0x08005b87   Thumb Code     2  handlers.o(i.__scatterload_null)
    __scatterload_zeroinit                   0x08005b89   Thumb Code    14  handlers.o(i.__scatterload_zeroinit)
    __set_errno                              0x08005b99   Thumb Code     6  errno.o(i.__set_errno)
    bmi088_accel_init                        0x08005cf9   Thumb Code   264  bmi088_driver.o(i.bmi088_accel_init)
    bmi088_gyro_init                         0x08005e05   Thumb Code   214  bmi088_driver.o(i.bmi088_gyro_init)
    fputc                                    0x08005ee1   Thumb Code    18  uart1.o(i.fputc)
    main                                     0x08005ef9   Thumb Code    22  main.o(i.main)
    sqrtf                                    0x08005f0f   Thumb Code    62  sqrtf.o(i.sqrtf)
    D1CorePrescTable                         0x08005f4c   Data          16  system_stm32h7xx.o(.constdata)
    UARTPrescTable                           0x08005f64   Data          24  stm32h7xx_hal_uart.o(.constdata)
    Region$$Table$$Base                      0x08005fd8   Number         0  anon$$obj.o(Region$$Table)
    Region$$Table$$Limit                     0x08005ff8   Number         0  anon$$obj.o(Region$$Table)
    SystemCoreClock                          0x24000000   Data           4  system_stm32h7xx.o(.data)
    SystemD2Clock                            0x24000004   Data           4  system_stm32h7xx.o(.data)
    motor_this                               0x24000008   Data           4  can.o(.data)
    Lf_data                                  0x2400000c   Data           4  motor.o(.data)
    Rf_data                                  0x24000010   Data           4  motor.o(.data)
    Lb_data                                  0x24000014   Data           4  motor.o(.data)
    Rb_data                                  0x24000018   Data           4  motor.o(.data)
    BMI088_ACCEL_SEN                         0x2400001c   Data           4  bmi088_driver.o(.data)
    BMI088_GYRO_SEN                          0x24000020   Data           4  bmi088_driver.o(.data)
    uart10_current_buf                       0x24000048   Data           4  uart1.o(.data)
    uart10_ready_buf                         0x2400004c   Data           4  uart1.o(.data)
    __stdout                                 0x24000050   Data           4  uart1.o(.data)
    uwTickFreq                               0x24000054   Data           1  stm32h7xx_hal.o(.data)
    uwTickPrio                               0x24000058   Data           4  stm32h7xx_hal.o(.data)
    uwTick                                   0x2400005c   Data           4  stm32h7xx_hal.o(.data)
    fdcan_handle                             0x24000064   Data         160  can.o(.bss)
    tim2_handle                              0x24000104   Data          76  tim.o(.bss)
    tim3_handle                              0x24000150   Data          76  tim.o(.bss)
    spi_handle                               0x2400019c   Data         136  spi.o(.bss)
    pid_Lf                                   0x24000224   Data          28  motor.o(.bss)
    pid_Rf                                   0x24000240   Data          28  motor.o(.bss)
    pid_Lb                                   0x2400025c   Data          28  motor.o(.bss)
    pid_Rb                                   0x24000278   Data          28  motor.o(.bss)
    remote                                   0x24000294   Data          20  ibus.o(.bss)
    tempctrl                                 0x240002a8   Data          28  bmi088.o(.bss)
    kalman_after_filter                      0x240002c4   Data         216  bmi088.o(.bss)
    estimator                                0x2400039c   Data          52  bmi088.o(.bss)
    kalman_data                              0x240003d0   Data          28  bmi088.o(.bss)
    imu_data                                 0x240003ec   Data          28  bmi088.o(.bss)
    uart10_buffer1                           0x24000408   Data         128  uart1.o(.bss)
    uart10_buffer2                           0x24000488   Data         128  uart1.o(.bss)
    uart10_handle                            0x24000508   Data         144  uart1.o(.bss)
    dma10rx_handle                           0x24000598   Data         120  uart1.o(.bss)
    __initial_sp                             0x24000a10   Data           0  startup_stm32h723xx.o(STACK)



==============================================================================

Memory Map of the image

  Image Entry point : 0x080002cd

  Load Region LR_IROM1 (Base: 0x08000000, Size: 0x0000605c, Max: 0x00100000, ABSOLUTE)

    Execution Region ER_IROM1 (Exec base: 0x08000000, Load base: 0x08000000, Size: 0x00005ff8, Max: 0x00100000, ABSOLUTE)

    Exec Addr    Load Addr    Size         Type   Attr      Idx    E Section Name        Object

    0x08000000   0x08000000   0x000002cc   Data   RO            3    RESET               startup_stm32h723xx.o
    0x080002cc   0x080002cc   0x00000000   Code   RO         5958  * .ARM.Collect$$$$00000000  mc_w.l(entry.o)
    0x080002cc   0x080002cc   0x00000004   Code   RO         6249    .ARM.Collect$$$$00000001  mc_w.l(entry2.o)
    0x080002d0   0x080002d0   0x00000004   Code   RO         6252    .ARM.Collect$$$$00000004  mc_w.l(entry5.o)
    0x080002d4   0x080002d4   0x00000000   Code   RO         6254    .ARM.Collect$$$$00000008  mc_w.l(entry7b.o)
    0x080002d4   0x080002d4   0x00000000   Code   RO         6256    .ARM.Collect$$$$0000000A  mc_w.l(entry8b.o)
    0x080002d4   0x080002d4   0x00000008   Code   RO         6257    .ARM.Collect$$$$0000000B  mc_w.l(entry9a.o)
    0x080002dc   0x080002dc   0x00000000   Code   RO         6259    .ARM.Collect$$$$0000000D  mc_w.l(entry10a.o)
    0x080002dc   0x080002dc   0x00000000   Code   RO         6261    .ARM.Collect$$$$0000000F  mc_w.l(entry11a.o)
    0x080002dc   0x080002dc   0x00000004   Code   RO         6250    .ARM.Collect$$$$00002712  mc_w.l(entry2.o)
    0x080002e0   0x080002e0   0x00000024   Code   RO            4    .text               startup_stm32h723xx.o
    0x08000304   0x08000304   0x00000062   Code   RO         5961    .text               mc_w.l(uldiv.o)
    0x08000366   0x08000366   0x00000024   Code   RO         5963    .text               mc_w.l(memcpya.o)
    0x0800038a   0x0800038a   0x00000024   Code   RO         5965    .text               mc_w.l(memseta.o)
    0x080003ae   0x080003ae   0x0000002c   Code   RO         6263    .text               mc_w.l(uidiv.o)
    0x080003da   0x080003da   0x0000001e   Code   RO         6265    .text               mc_w.l(llshl.o)
    0x080003f8   0x080003f8   0x00000020   Code   RO         6267    .text               mc_w.l(llushr.o)
    0x08000418   0x08000418   0x00000000   Code   RO         6276    .text               mc_w.l(iusefp.o)
    0x08000418   0x08000418   0x00000024   Code   RO         6287    .text               mc_w.l(init.o)
    0x0800043c   0x0800043c   0x00000040   Code   RO          548    i.Attitude_Estimator_Init  bmi088.o
    0x0800047c   0x0800047c   0x000001f8   Code   RO          549    i.Attitude_Estimator_Update  bmi088.o
    0x08000674   0x08000674   0x00000010   Code   RO          699    i.BMI088_ACCEL_NS_H  bmi088_middleware.o
    0x08000684   0x08000684   0x00000010   Code   RO          700    i.BMI088_ACCEL_NS_L  bmi088_middleware.o
    0x08000694   0x08000694   0x000000a8   Code   RO          701    i.BMI088_GPIO_init  bmi088_middleware.o
    0x0800073c   0x0800073c   0x00000010   Code   RO          702    i.BMI088_GYRO_NS_H  bmi088_middleware.o
    0x0800074c   0x0800074c   0x00000010   Code   RO          703    i.BMI088_GYRO_NS_L  bmi088_middleware.o
    0x0800075c   0x0800075c   0x0000005c   Code   RO          704    i.BMI088_Kalman_Init  bmi088_middleware.o
    0x080007b8   0x080007b8   0x00000040   Code   RO          705    i.BMI088_TempCtrl_Init  bmi088_middleware.o
    0x080007f8   0x080007f8   0x00000004   Code   RO          706    i.BMI088_com_init   bmi088_middleware.o
    0x080007fc   0x080007fc   0x00000018   Code   RO          707    i.BMI088_delay_ms   bmi088_middleware.o
    0x08000814   0x08000814   0x00000030   Code   RO          708    i.BMI088_delay_us   bmi088_middleware.o
    0x08000844   0x08000844   0x0000003c   Code   RO          616    i.BMI088_init       bmi088_driver.o
    0x08000880   0x08000880   0x0000014c   Code   RO          618    i.BMI088_read_      bmi088_driver.o
    0x080009cc   0x080009cc   0x00000024   Code   RO          620    i.BMI088_read_muli_reg  bmi088_driver.o
    0x080009f0   0x080009f0   0x00000016   Code   RO          621    i.BMI088_read_single_reg  bmi088_driver.o
    0x08000a06   0x08000a06   0x00000002   PAD
    0x08000a08   0x08000a08   0x00000020   Code   RO          709    i.BMI088_read_write_byte  bmi088_middleware.o
    0x08000a28   0x08000a28   0x00000012   Code   RO          623    i.BMI088_write_single_reg  bmi088_driver.o
    0x08000a3a   0x08000a3a   0x00000002   Code   RO          192    i.BusFault_Handler  stm32h7xx_it.o
    0x08000a3c   0x08000a3c   0x0000000e   Code   RO          850    i.Chassis_Init      chassis.o
    0x08000a4a   0x08000a4a   0x00000002   PAD
    0x08000a4c   0x08000a4c   0x00000034   Code   RO          784    i.Creat_PID         pid.o
    0x08000a80   0x08000a80   0x000000e0   Code   RO          470    i.DJMotor_Init      motor.o
    0x08000b60   0x08000b60   0x000000b8   Code   RO         1506    i.DMA_CalcBaseAndBitshift  stm32h7xx_hal_dma.o
    0x08000c18   0x08000c18   0x000000a0   Code   RO         1507    i.DMA_CalcDMAMUXChannelBaseAndMask  stm32h7xx_hal_dma.o
    0x08000cb8   0x08000cb8   0x0000007c   Code   RO         1508    i.DMA_CalcDMAMUXRequestGenBaseAndMask  stm32h7xx_hal_dma.o
    0x08000d34   0x08000d34   0x00000054   Code   RO         1509    i.DMA_CheckFifoParam  stm32h7xx_hal_dma.o
    0x08000d88   0x08000d88   0x00000220   Code   RO         1510    i.DMA_SetConfig     stm32h7xx_hal_dma.o
    0x08000fa8   0x08000fa8   0x00000002   Code   RO          193    i.DebugMon_Handler  stm32h7xx_it.o
    0x08000faa   0x08000faa   0x00000002   PAD
    0x08000fac   0x08000fac   0x0000000c   Code   RO          304    i.FDCAN1_IT0_IRQHandler  can.o
    0x08000fb8   0x08000fb8   0x000001c0   Code   RO         4960    i.FDCAN_CalcultateRamBlockAddresses  stm32h7xx_hal_fdcan.o
    0x08001178   0x08001178   0x0000008c   Code   RO          305    i.FDCAN_Init        can.o
    0x08001204   0x08001204   0x00000360   Code   RO         1511    i.HAL_DMA_Abort     stm32h7xx_hal_dma.o
    0x08001564   0x08001564   0x00000004   Code   RO         1514    i.HAL_DMA_GetError  stm32h7xx_hal_dma.o
    0x08001568   0x08001568   0x000003a4   Code   RO         1517    i.HAL_DMA_Init      stm32h7xx_hal_dma.o
    0x0800190c   0x0800190c   0x000002b4   Code   RO         1521    i.HAL_DMA_Start_IT  stm32h7xx_hal_dma.o
    0x08001bc0   0x08001bc0   0x00000084   Code   RO         4963    i.HAL_FDCAN_ActivateNotification  stm32h7xx_hal_fdcan.o
    0x08001c44   0x08001c44   0x00000002   Code   RO         4966    i.HAL_FDCAN_ClockCalibrationCallback  stm32h7xx_hal_fdcan.o
    0x08001c46   0x08001c46   0x0000005a   Code   RO         4969    i.HAL_FDCAN_ConfigFifoWatermark  stm32h7xx_hal_fdcan.o
    0x08001ca0   0x08001ca0   0x0000007e   Code   RO         4970    i.HAL_FDCAN_ConfigFilter  stm32h7xx_hal_fdcan.o
    0x08001d1e   0x08001d1e   0x00000002   Code   RO         4992    i.HAL_FDCAN_ErrorCallback  stm32h7xx_hal_fdcan.o
    0x08001d20   0x08001d20   0x00000002   Code   RO         4993    i.HAL_FDCAN_ErrorStatusCallback  stm32h7xx_hal_fdcan.o
    0x08001d22   0x08001d22   0x00000002   PAD
    0x08001d24   0x08001d24   0x00000174   Code   RO         5004    i.HAL_FDCAN_GetRxMessage  stm32h7xx_hal_fdcan.o
    0x08001e98   0x08001e98   0x00000002   Code   RO         5010    i.HAL_FDCAN_HighPriorityMessageCallback  stm32h7xx_hal_fdcan.o
    0x08001e9a   0x08001e9a   0x00000002   PAD
    0x08001e9c   0x08001e9c   0x000002e0   Code   RO         5011    i.HAL_FDCAN_IRQHandler  stm32h7xx_hal_fdcan.o
    0x0800217c   0x0800217c   0x00000244   Code   RO         5012    i.HAL_FDCAN_Init    stm32h7xx_hal_fdcan.o
    0x080023c0   0x080023c0   0x00000098   Code   RO          307    i.HAL_FDCAN_MspInit  can.o
    0x08002458   0x08002458   0x00000002   Code   RO         5021    i.HAL_FDCAN_RxBufferNewMessageCallback  stm32h7xx_hal_fdcan.o
    0x0800245a   0x0800245a   0x00000002   PAD
    0x0800245c   0x0800245c   0x00000090   Code   RO          308    i.HAL_FDCAN_RxFifo0Callback  can.o
    0x080024ec   0x080024ec   0x00000002   Code   RO         5023    i.HAL_FDCAN_RxFifo1Callback  stm32h7xx_hal_fdcan.o
    0x080024ee   0x080024ee   0x00000032   Code   RO         5024    i.HAL_FDCAN_Start   stm32h7xx_hal_fdcan.o
    0x08002520   0x08002520   0x00000002   Code   RO         5046    i.HAL_FDCAN_TT_GlobalTimeCallback  stm32h7xx_hal_fdcan.o
    0x08002522   0x08002522   0x00000002   Code   RO         5047    i.HAL_FDCAN_TT_ScheduleSyncCallback  stm32h7xx_hal_fdcan.o
    0x08002524   0x08002524   0x00000002   Code   RO         5052    i.HAL_FDCAN_TT_StopWatchCallback  stm32h7xx_hal_fdcan.o
    0x08002526   0x08002526   0x00000002   Code   RO         5053    i.HAL_FDCAN_TT_TimeMarkCallback  stm32h7xx_hal_fdcan.o
    0x08002528   0x08002528   0x00000002   Code   RO         5054    i.HAL_FDCAN_TimeoutOccurredCallback  stm32h7xx_hal_fdcan.o
    0x0800252a   0x0800252a   0x00000002   Code   RO         5055    i.HAL_FDCAN_TimestampWraparoundCallback  stm32h7xx_hal_fdcan.o
    0x0800252c   0x0800252c   0x00000002   Code   RO         5056    i.HAL_FDCAN_TxBufferAbortCallback  stm32h7xx_hal_fdcan.o
    0x0800252e   0x0800252e   0x00000002   Code   RO         5057    i.HAL_FDCAN_TxBufferCompleteCallback  stm32h7xx_hal_fdcan.o
    0x08002530   0x08002530   0x00000002   Code   RO         5058    i.HAL_FDCAN_TxEventFifoCallback  stm32h7xx_hal_fdcan.o
    0x08002532   0x08002532   0x00000002   Code   RO         5059    i.HAL_FDCAN_TxFifoEmptyCallback  stm32h7xx_hal_fdcan.o
    0x08002534   0x08002534   0x000001cc   Code   RO         1952    i.HAL_GPIO_Init     stm32h7xx_hal_gpio.o
    0x08002700   0x08002700   0x0000000a   Code   RO         1956    i.HAL_GPIO_WritePin  stm32h7xx_hal_gpio.o
    0x0800270a   0x0800270a   0x00000002   PAD
    0x0800270c   0x0800270c   0x0000000c   Code   RO         1040    i.HAL_GetTick       stm32h7xx_hal.o
    0x08002718   0x08002718   0x00000010   Code   RO         1046    i.HAL_IncTick       stm32h7xx_hal.o
    0x08002728   0x08002728   0x0000005c   Code   RO         1047    i.HAL_Init          stm32h7xx_hal.o
    0x08002784   0x08002784   0x00000040   Code   RO         1048    i.HAL_InitTick      stm32h7xx_hal.o
    0x080027c4   0x080027c4   0x00000054   Code   RO         1366    i.HAL_MPU_ConfigRegion  stm32h7xx_hal_cortex.o
    0x08002818   0x08002818   0x0000001c   Code   RO         1367    i.HAL_MPU_Disable   stm32h7xx_hal_cortex.o
    0x08002834   0x08002834   0x00000024   Code   RO         1368    i.HAL_MPU_Enable    stm32h7xx_hal_cortex.o
    0x08002858   0x08002858   0x00000002   Code   RO         1050    i.HAL_MspInit       stm32h7xx_hal.o
    0x0800285a   0x0800285a   0x0000001a   Code   RO         1371    i.HAL_NVIC_EnableIRQ  stm32h7xx_hal_cortex.o
    0x08002874   0x08002874   0x00000040   Code   RO         1377    i.HAL_NVIC_SetPriority  stm32h7xx_hal_cortex.o
    0x080028b4   0x080028b4   0x00000024   Code   RO         1378    i.HAL_NVIC_SetPriorityGrouping  stm32h7xx_hal_cortex.o
    0x080028d8   0x080028d8   0x00000050   Code   RO         2882    i.HAL_PWREx_ConfigSupply  stm32h7xx_hal_pwr_ex.o
    0x08002928   0x08002928   0x00000024   Code   RO         3239    i.HAL_RCCEx_GetD3PCLK1Freq  stm32h7xx_hal_rcc_ex.o
    0x0800294c   0x0800294c   0x0000013c   Code   RO         3241    i.HAL_RCCEx_GetPLL2ClockFreq  stm32h7xx_hal_rcc_ex.o
    0x08002a88   0x08002a88   0x0000013c   Code   RO         3242    i.HAL_RCCEx_GetPLL3ClockFreq  stm32h7xx_hal_rcc_ex.o
    0x08002bc4   0x08002bc4   0x00000862   Code   RO         3248    i.HAL_RCCEx_PeriphCLKConfig  stm32h7xx_hal_rcc_ex.o
    0x08003426   0x08003426   0x00000002   PAD
    0x08003428   0x08003428   0x00000270   Code   RO         3124    i.HAL_RCC_ClockConfig  stm32h7xx_hal_rcc.o
    0x08003698   0x08003698   0x00000044   Code   RO         3129    i.HAL_RCC_GetHCLKFreq  stm32h7xx_hal_rcc.o
    0x080036dc   0x080036dc   0x00000024   Code   RO         3131    i.HAL_RCC_GetPCLK1Freq  stm32h7xx_hal_rcc.o
    0x08003700   0x08003700   0x00000024   Code   RO         3132    i.HAL_RCC_GetPCLK2Freq  stm32h7xx_hal_rcc.o
    0x08003724   0x08003724   0x00000130   Code   RO         3133    i.HAL_RCC_GetSysClockFreq  stm32h7xx_hal_rcc.o
    0x08003854   0x08003854   0x000004c6   Code   RO         3136    i.HAL_RCC_OscConfig  stm32h7xx_hal_rcc.o
    0x08003d1a   0x08003d1a   0x00000002   PAD
    0x08003d1c   0x08003d1c   0x0000014c   Code   RO         5589    i.HAL_SPI_Init      stm32h7xx_hal_spi.o
    0x08003e68   0x08003e68   0x00000094   Code   RO          433    i.HAL_SPI_MspInit   spi.o
    0x08003efc   0x08003efc   0x0000025a   Code   RO         5598    i.HAL_SPI_TransmitReceive  stm32h7xx_hal_spi.o
    0x08004156   0x08004156   0x00000028   Code   RO         1382    i.HAL_SYSTICK_Config  stm32h7xx_hal_cortex.o
    0x0800417e   0x0800417e   0x00000002   Code   RO         4125    i.HAL_TIMEx_Break2Callback  stm32h7xx_hal_tim_ex.o
    0x08004180   0x08004180   0x00000002   Code   RO         4126    i.HAL_TIMEx_BreakCallback  stm32h7xx_hal_tim_ex.o
    0x08004182   0x08004182   0x00000002   Code   RO         4127    i.HAL_TIMEx_CommutCallback  stm32h7xx_hal_tim_ex.o
    0x08004184   0x08004184   0x00000002   Code   RO         3445    i.HAL_TIM_IC_CaptureCallback  stm32h7xx_hal_tim.o
    0x08004186   0x08004186   0x00000184   Code   RO         3459    i.HAL_TIM_IRQHandler  stm32h7xx_hal_tim.o
    0x0800430a   0x0800430a   0x00000002   Code   RO         3462    i.HAL_TIM_OC_DelayElapsedCallback  stm32h7xx_hal_tim.o
    0x0800430c   0x0800430c   0x00000002   Code   RO         3489    i.HAL_TIM_PWM_PulseFinishedCallback  stm32h7xx_hal_tim.o
    0x0800430e   0x0800430e   0x00000002   PAD
    0x08004310   0x08004310   0x00000024   Code   RO          365    i.HAL_TIM_PeriodElapsedCallback  tim.o
    0x08004334   0x08004334   0x00000002   Code   RO         3502    i.HAL_TIM_TriggerCallback  stm32h7xx_hal_tim.o
    0x08004336   0x08004336   0x00000002   Code   RO         4437    i.HAL_UARTEx_RxEventCallback  stm32h7xx_hal_uart.o
    0x08004338   0x08004338   0x00000090   Code   RO         4449    i.HAL_UART_DMAStop  stm32h7xx_hal_uart.o
    0x080043c8   0x080043c8   0x00000002   Code   RO         4453    i.HAL_UART_ErrorCallback  stm32h7xx_hal_uart.o
    0x080043ca   0x080043ca   0x0000006a   Code   RO         4457    i.HAL_UART_Init     stm32h7xx_hal_uart.o
    0x08004434   0x08004434   0x0000009c   Code   RO          957    i.HAL_UART_MspInit  uart1.o
    0x080044d0   0x080044d0   0x00000054   Code   RO         4461    i.HAL_UART_Receive_DMA  stm32h7xx_hal_uart.o
    0x08004524   0x08004524   0x00000002   Code   RO         4464    i.HAL_UART_RxCpltCallback  stm32h7xx_hal_uart.o
    0x08004526   0x08004526   0x00000002   Code   RO         4465    i.HAL_UART_RxHalfCpltCallback  stm32h7xx_hal_uart.o
    0x08004528   0x08004528   0x00000002   Code   RO          194    i.HardFault_Handler  stm32h7xx_it.o
    0x0800452a   0x0800452a   0x00000002   PAD
    0x0800452c   0x0800452c   0x000000c0   Code   RO          550    i.Kalman_Attitude_Estimator_Update  bmi088.o
    0x080045ec   0x080045ec   0x0000002c   Code   RO          820    i.Kalman_Init       kalman.o
    0x08004618   0x08004618   0x0000009a   Code   RO          821    i.Kalman_Update     kalman.o
    0x080046b2   0x080046b2   0x0000004e   Code   RO          927    i.MPU_Config        sys.o
    0x08004700   0x08004700   0x00000002   Code   RO          195    i.MemManage_Handler  stm32h7xx_it.o
    0x08004702   0x08004702   0x00000006   Code   RO          785    i.Modify_PID_K      pid.o
    0x08004708   0x08004708   0x00000002   Code   RO          196    i.NMI_Handler       stm32h7xx_it.o
    0x0800470a   0x0800470a   0x00000054   Code   RO          551    i.Normalize_Vector  bmi088.o
    0x0800475e   0x0800475e   0x0000008a   Code   RO          786    i.PID_Calculate     pid.o
    0x080047e8   0x080047e8   0x00000002   Code   RO          197    i.PendSV_Handler    stm32h7xx_it.o
    0x080047ea   0x080047ea   0x00000002   PAD
    0x080047ec   0x080047ec   0x000000d0   Code   RO          552    i.Quaternion_to_Euler  bmi088.o
    0x080048bc   0x080048bc   0x00000114   Code   RO         3251    i.RCCEx_PLL2_Config  stm32h7xx_hal_rcc_ex.o
    0x080049d0   0x080049d0   0x00000114   Code   RO         3252    i.RCCEx_PLL3_Config  stm32h7xx_hal_rcc_ex.o
    0x08004ae4   0x08004ae4   0x00000088   Code   RO          512    i.Remote_IBUS_to_RC  ibus.o
    0x08004b6c   0x08004b6c   0x00000004   Code   RO          513    i.Remote_Init       ibus.o
    0x08004b70   0x08004b70   0x00000050   Code   RO          434    i.SPI2_Init         spi.o
    0x08004bc0   0x08004bc0   0x000000bc   Code   RO         5608    i.SPI_CloseTransfer  stm32h7xx_hal_spi.o
    0x08004c7c   0x08004c7c   0x00000042   Code   RO         5625    i.SPI_WaitOnFlagUntilTimeout  stm32h7xx_hal_spi.o
    0x08004cbe   0x08004cbe   0x00000002   Code   RO          198    i.SVC_Handler       stm32h7xx_it.o
    0x08004cc0   0x08004cc0   0x00000004   Code   RO          199    i.SysTick_Handler   stm32h7xx_it.o
    0x08004cc4   0x08004cc4   0x00000084   Code   RO          928    i.SystemClock_Config  sys.o
    0x08004d48   0x08004d48   0x000000c0   Code   RO          268    i.SystemInit        system_stm32h7xx.o
    0x08004e08   0x08004e08   0x0000000c   Code   RO          366    i.TIM2_IRQHandler   tim.o
    0x08004e14   0x08004e14   0x0000000c   Code   RO          369    i.TIM3_PWM_Set      tim.o
    0x08004e20   0x08004e20   0x0000002c   Code   RO          553    i.TempCtrl_BMI088   bmi088.o
    0x08004e4c   0x08004e4c   0x00000078   Code   RO          958    i.UART10_Init       uart1.o
    0x08004ec4   0x08004ec4   0x000000c8   Code   RO         4471    i.UART_AdvFeatureConfig  stm32h7xx_hal_uart.o
    0x08004f8c   0x08004f8c   0x00000060   Code   RO         4472    i.UART_CheckIdleState  stm32h7xx_hal_uart.o
    0x08004fec   0x08004fec   0x00000050   Code   RO         4474    i.UART_DMAError     stm32h7xx_hal_uart.o
    0x0800503c   0x0800503c   0x00000082   Code   RO         4475    i.UART_DMAReceiveCplt  stm32h7xx_hal_uart.o
    0x080050be   0x080050be   0x0000001c   Code   RO         4477    i.UART_DMARxHalfCplt  stm32h7xx_hal_uart.o
    0x080050da   0x080050da   0x00000002   PAD
    0x080050dc   0x080050dc   0x00000054   Code   RO         4483    i.UART_EndRxTransfer  stm32h7xx_hal_uart.o
    0x08005130   0x08005130   0x0000002e   Code   RO         4484    i.UART_EndTxTransfer  stm32h7xx_hal_uart.o
    0x0800515e   0x0800515e   0x00000002   PAD
    0x08005160   0x08005160   0x000003ec   Code   RO         4489    i.UART_SetConfig    stm32h7xx_hal_uart.o
    0x0800554c   0x0800554c   0x000000a8   Code   RO         4490    i.UART_Start_Receive_DMA  stm32h7xx_hal_uart.o
    0x080055f4   0x080055f4   0x000000c4   Code   RO         4496    i.UART_WaitOnFlagUntilTimeout  stm32h7xx_hal_uart.o
    0x080056b8   0x080056b8   0x0000005c   Code   RO          959    i.USART10_IRQHandler  uart1.o
    0x08005714   0x08005714   0x00000002   Code   RO          200    i.UsageFault_Handler  stm32h7xx_it.o
    0x08005716   0x08005716   0x00000002   PAD
    0x08005718   0x08005718   0x00000020   Code   RO         6014    i.__0printf$1       mc_w.l(printf1.o)
    0x08005738   0x08005738   0x00000026   Code   RO         6230    i.__ARM_fpclassifyf  m_wv.l(fpclassifyf.o)
    0x0800575e   0x0800575e   0x00000020   Code   RO         1384    i.__NVIC_SetPriority  stm32h7xx_hal_cortex.o
    0x0800577e   0x0800577e   0x00000002   PAD
    0x08005780   0x08005780   0x00000138   Code   RO         5898    i.__hardfp_asinf    m_wv.l(asinf.o)
    0x080058b8   0x080058b8   0x00000258   Code   RO         5910    i.__hardfp_atan2f   m_wv.l(atan2f.o)
    0x08005b10   0x08005b10   0x0000003a   Code   RO         5946    i.__hardfp_sqrtf    m_wv.l(sqrtf.o)
    0x08005b4a   0x08005b4a   0x00000006   Code   RO         6233    i.__mathlib_flt_infnan  m_wv.l(funder.o)
    0x08005b50   0x08005b50   0x00000006   Code   RO         6234    i.__mathlib_flt_infnan2  m_wv.l(funder.o)
    0x08005b56   0x08005b56   0x00000002   PAD
    0x08005b58   0x08005b58   0x00000010   Code   RO         6235    i.__mathlib_flt_invalid  m_wv.l(funder.o)
    0x08005b68   0x08005b68   0x00000010   Code   RO         6238    i.__mathlib_flt_underflow  m_wv.l(funder.o)
    0x08005b78   0x08005b78   0x0000000e   Code   RO         6295    i.__scatterload_copy  mc_w.l(handlers.o)
    0x08005b86   0x08005b86   0x00000002   Code   RO         6296    i.__scatterload_null  mc_w.l(handlers.o)
    0x08005b88   0x08005b88   0x0000000e   Code   RO         6297    i.__scatterload_zeroinit  mc_w.l(handlers.o)
    0x08005b96   0x08005b96   0x00000002   PAD
    0x08005b98   0x08005b98   0x0000000c   Code   RO         6271    i.__set_errno       mc_w.l(errno.o)
    0x08005ba4   0x08005ba4   0x00000154   Code   RO         6021    i._printf_core      mc_w.l(printf1.o)
    0x08005cf8   0x08005cf8   0x0000010c   Code   RO          624    i.bmi088_accel_init  bmi088_driver.o
    0x08005e04   0x08005e04   0x000000dc   Code   RO          625    i.bmi088_gyro_init  bmi088_driver.o
    0x08005ee0   0x08005ee0   0x00000018   Code   RO          961    i.fputc             uart1.o
    0x08005ef8   0x08005ef8   0x00000016   Code   RO           13    i.main              main.o
    0x08005f0e   0x08005f0e   0x0000003e   Code   RO         5948    i.sqrtf             m_wv.l(sqrtf.o)
    0x08005f4c   0x08005f4c   0x00000010   Data   RO          269    .constdata          system_stm32h7xx.o
    0x08005f5c   0x08005f5c   0x00000008   Data   RO         1523    .constdata          stm32h7xx_hal_dma.o
    0x08005f64   0x08005f64   0x00000018   Data   RO         4497    .constdata          stm32h7xx_hal_uart.o
    0x08005f7c   0x08005f7c   0x0000005c   Data   RO         5060    .constdata          stm32h7xx_hal_fdcan.o
    0x08005fd8   0x08005fd8   0x00000020   Data   RO         6293    Region$$Table       anon$$obj.o


    Execution Region RW_IRAM1 (Exec base: 0x20000000, Load base: 0x08005ff8, Size: 0x00000000, Max: 0x00020000, ABSOLUTE)

    **** No section assigned to this execution region ****


    Execution Region RW_IRAM2 (Exec base: 0x24000000, Load base: 0x08005ff8, Size: 0x00000a10, Max: 0x00050000, ABSOLUTE)

    Exec Addr    Load Addr    Size         Type   Attr      Idx    E Section Name        Object

    0x24000000   0x08005ff8   0x00000008   Data   RW          270    .data               system_stm32h7xx.o
    0x24000008   0x08006000   0x00000004   Data   RW          310    .data               can.o
    0x2400000c   0x08006004   0x00000010   Data   RW          473    .data               motor.o
    0x2400001c   0x08006014   0x0000002c   Data   RW          627    .data               bmi088_driver.o
    0x24000048   0x08006040   0x00000008   Data   RW          963    .data               uart1.o
    0x24000050   0x08006048   0x00000004   Data   RW          964    .data               uart1.o
    0x24000054   0x0800604c   0x0000000c   Data   RW         1071    .data               stm32h7xx_hal.o
    0x24000060   0x08006058   0x00000004   Data   RW         6272    .data               mc_w.l(errno.o)
    0x24000064        -       0x000000a0   Zero   RW          309    .bss                can.o
    0x24000104        -       0x00000098   Zero   RW          370    .bss                tim.o
    0x2400019c        -       0x00000088   Zero   RW          435    .bss                spi.o
    0x24000224        -       0x00000070   Zero   RW          472    .bss                motor.o
    0x24000294        -       0x00000014   Zero   RW          514    .bss                ibus.o
    0x240002a8        -       0x00000144   Zero   RW          554    .bss                bmi088.o
    0x240003ec        -       0x0000001c   Zero   RW          555    .bss                bmi088.o
    0x24000408        -       0x00000208   Zero   RW          962    .bss                uart1.o
    0x24000610        -       0x00000400   Zero   RW            1    STACK               startup_stm32h723xx.o


==============================================================================

Image component sizes


      Code (inc. data)   RO Data    RW Data    ZI Data      Debug   Object Name

      1096         66          0          0        352       6634   bmi088.o
       956         28          0         44          0       6937   bmi088_driver.o
       496         62          0          0          0       7214   bmi088_middleware.o
       448         70          0          4        160       3913   can.o
        14          0          0          0          0        543   chassis.o
       140         12          0          0         20       1767   ibus.o
       198          6          0          0          0       1842   kalman.o
        22          0          0          0          0    1235979   main.o
       224         16          0         16        112       1581   motor.o
       196          6          0          0          0       2403   pid.o
       228         28          0          0        136       1791   spi.o
        36          8        716          0       1024        848   startup_stm32h723xx.o
       186         36          0         12          0      23523   stm32h7xx_hal.o
       346         28          0          0          0      41793   stm32h7xx_hal_cortex.o
      3588        102          8          0          0       9921   stm32h7xx_hal_dma.o
      2566         46         92          0          0      21805   stm32h7xx_hal_fdcan.o
       470         44          0          0          0       2288   stm32h7xx_hal_gpio.o
        80          4          0          0          0        805   stm32h7xx_hal_pwr_ex.o
      2290        124          0          0          0       7196   stm32h7xx_hal_rcc.o
      3366        124          0          0          0       7717   stm32h7xx_hal_rcc_ex.o
      1188         12          0          0          0       5029   stm32h7xx_hal_spi.o
       396          0          0          0          0       4764   stm32h7xx_hal_tim.o
         6          0          0          0          0       2324   stm32h7xx_hal_tim_ex.o
      2374        134         24          0          0      33487   stm32h7xx_hal_uart.o
        20          0          0          0          0       4222   stm32h7xx_it.o
       210          4          0          0          0       1594   sys.o
       192         34         16          8          0       1334   system_stm32h7xx.o
        60         14          0          0        152       2928   tim.o
       392         50          0         12        520       4787   uart1.o

    ----------------------------------------------------------------------
     21816       1058        888         96       2476    1446969   Object Totals
         0          0         32          0          0          0   (incl. Generated)
        32          0          0          0          0          0   (incl. Padding)

    ----------------------------------------------------------------------

      Code (inc. data)   RO Data    RW Data    ZI Data      Debug   Library Member Name

       312         54          0          0          0        176   asinf.o
       600         98          0          0          0        184   atan2f.o
        38          0          0          0          0        116   fpclassifyf.o
        44         12          0          0          0        464   funder.o
       120          0          0          0          0        272   sqrtf.o
         0          0          0          0          0          0   entry.o
         0          0          0          0          0          0   entry10a.o
         0          0          0          0          0          0   entry11a.o
         8          4          0          0          0          0   entry2.o
         4          0          0          0          0          0   entry5.o
         0          0          0          0          0          0   entry7b.o
         0          0          0          0          0          0   entry8b.o
         8          4          0          0          0          0   entry9a.o
        12          6          0          4          0         68   errno.o
        30          0          0          0          0          0   handlers.o
        36          8          0          0          0         68   init.o
         0          0          0          0          0          0   iusefp.o
        30          0          0          0          0         68   llshl.o
        32          0          0          0          0         68   llushr.o
        36          0          0          0          0         68   memcpya.o
        36          0          0          0          0        108   memseta.o
       372         14          0          0          0        184   printf1.o
        44          0          0          0          0         80   uidiv.o
        98          0          0          0          0         92   uldiv.o

    ----------------------------------------------------------------------
      1864        200          0          4          0       2016   Library Totals
         4          0          0          0          0          0   (incl. Padding)

    ----------------------------------------------------------------------

      Code (inc. data)   RO Data    RW Data    ZI Data      Debug   Library Name

      1114        164          0          0          0       1212   m_wv.l
       746         36          0          4          0        804   mc_w.l

    ----------------------------------------------------------------------
      1864        200          0          4          0       2016   Library Totals

    ----------------------------------------------------------------------

==============================================================================


      Code (inc. data)   RO Data    RW Data    ZI Data      Debug   

     23680       1258        888        100       2476    1434377   Grand Totals
     23680       1258        888        100       2476    1434377   ELF Image Totals
     23680       1258        888        100          0          0   ROM Totals

==============================================================================

    Total RO  Size (Code + RO Data)                24568 (  23.99kB)
    Total RW  Size (RW Data + ZI Data)              2576 (   2.52kB)
    Total ROM Size (Code + RO Data + RW Data)      24668 (  24.09kB)

==============================================================================

